File ABOUT.CPP:
#include "about.h"
#include "stdmenu.h"
File ABOUT.H:
#include <windows.h>
#include <windowsx.h>
#include "dialog.h"
File APPBASE.CPP:
#include "appbase.h"
File APPBASE.H:
#include "windbase.h"
// #include "canvas.h"
File CFILE.CPP:
#include "cfile.h"
File CFILE.H:
#include <windows.h>
#include <windowsx.h>
File CFILE1.CPP:
#include "cfile.h"
File CLED.CPP:
#include "cLED.h"
#include "wmacros.h"
File CLED.H:
#include "cwFrame.h"
#include "led.h"
File CNTR.CPP:
#include "cntr.h"
File CNTRS.CPP:
#include "cntrs.h"
#include <stdio.h>
File CNTRS.H:
#include "cntr.h"
File cPROCESS.cpp:
#include "cPROCESS.h"
#include "cSlide.h"
#include "timer.h"
File cProcess.h:
#include <classlib/thread.h>
#include "cRANDOM.H"
File cRANDOM.h:
#include <stdlib.h>
File CSLIDE.CPP:
#include "tfcvt.h"
#include "wmacros.h"
#include "cSLIDE.h"
File CSLIDE.H:
#include "cwFrame.h"
#include "diamond.h"
#include "cVALUE.h"
File CVALUE.CPP:
#include "tfcvt.h"
#include "wmacros.h"
#include "cVALUE.h"
File CVALUE.H:
#include "cwFrame.h"
File CWFRAME.CPP:
#include "cwframe.h"
File CWFRAME.H:
#include "windbase.h"
File CYIELD.CPP:
#include "cYield.h"
File CYIELD.H:
#include "y_log.h"
#include "cVALUE.h"
#include "cntr.h"
File DIALOG.CPP:
#include "dialog.h"
File DIALOG.H:
#include <windows.h>
#include <windowsx.h>
File DIAMOND.CPP:
#include "diamond.h"
File DIAMOND.H:
#include "windows.h"
#include "windowsx.h"
File DLGBASE.CPP:
#include "dlgbase.h"
File DLGBASE.H:
#include <windows.h>
#include <windowsx.h>
#include <dir.h>
File DLGEXT.CPP:
#include "dlgext.h"
#include "tfcvt.h"
#include "stdlib.h"
File DLGEXT.H:
#include <windows.h>
#include <windowsx.h>
File DRAWBM.CPP:
#include <windows.h>
File FNAME.CPP:
#include "fname.h"
#include "string.h"
File FNAME.H:
#include <dir.h>
File GPPCHAR.CPP:
#include <windows.h>
#include <windowsx.h>
File GPPF.CPP:
#include <windows.h>
#include <math.h>
File JDATE.CPP:
#include "windows.h"
#include "jdate.h"
File JDATE.H:
#include <windows.h>
#include <windowsx.h>
#include "time.h"
File KEYBUF.CPP:
#include "keybuf.h"
File KEYBUF.H:
#include <windows.h>
#include "tque.h"
File KTERM.CPP:
#include "kterm.h"
#include <ctype.h>
File KTERM.H:
#include "keybuf.h"
#include "wstdio.h"
File LED.CPP:
#include "led.h"
File LED.H:
#include "windows.h"
#include "windowsx.h"
File LOG.CPP:
#include "log.h"
File LOG.H:
#include "odb3.h"
File MEDIT.CPP:
#include "medit.h"
#include "cfile.h"
File MEDIT.H:
#include <windows.h>
#include <windowsx.h>
File MODELESS.CPP:
#include "modeless.h"
#include "windbase.h"
File MODELESS.H:
#include <windows.h>
#include <windowsx.h>
File NUMOUT.CPP:
#include "numout.h"
File NUMOUT.H:
#include <windows.h>
File OMSGBOX.CPP:
#include "msgbox.h"
File OMSGBOX.H:
#include "windbase.h"
#include "strarray.h"
File PIO.CPP:
#include "PIO.h"
File PIO.H:
#include <windows.h>
File POPFILE.CPP:
#include "popfile.h"
File POPFILE.H:
#include <windows.h>
#include <commdlg.h>
File RPTBOX.CPP:
#include "rptbox.h"
#include "rptbox.rh"
#include "wmacros.h"
File RPTBOX.H:
#include "appbase.h"
#include "log.h"
File SAVEBUF.CPP:
#include "windbase.h"
#include "savebuf.h"
File SAVEBUF.H:
#include <windows.h>
File SHFTCHG.CPP:
#include "shftchg.h"
#include <string.h>
#include <stdlib.h>
File SHFTCHG.H:
#include <windows.h>
#include <dos.h>
File SKELETON.CPP:
#include <windows.h>
#include <windowsx.h>
#include "skeleton.h"
#include "skeleton.rh"
#include "random.h"
#include "cPROCESS.h"
#include "about.h"
#include "wmacros.h"
File SKELETON.H:
#include "appbase.h"
#include "statbar.h"
#include "cSLIDE.h"
#include "datawin.h"
#include "cRANDOM.h"
#include "cPROCESS.h"
#include "popfile.h"
File skeleton.rh:
#include "stdmenu.rh"
File STATBAR.CPP:
#include <ctype.h>
#include "statbar.h"
File STATBAR.H:
#include "cwframe.h"
File STROUT.CPP:
#include "windows.h"
#include "wmacros.h"
File TFCVT.CPP:
#include "windows.h"
#include <iostream.h>
#include "tstack.h"
File TFCVT.H:
#include "windows.h"
#include "tstack.h"
File TIMER.CPP:
#include "timer.h"
#include <mmsystem.h>
File TIMER.H:
#include <windows.h>
File TQUE.H:
#include <_null.h>
#include <mem.h>
File WINDBASE.CPP:
#include "windbase.h"
File WRT2FILE.CPP:
#include "savebuf.h"
File WSTDIO.CPP:
#include "wstdio.h"
#include "stdmenu.h"
#include "stdlib.h"
File WSTDIO.H:
#include "windbase.h"
File Y_LOG.CPP:
#include "y_log.h"
File Y_LOG.H:
#include "odb3.h"
#include "log.h"
File Windbase.h:
#include <windows.h>
#include <windowsx.h>
File DATAWIN.H:
#include "cwframe.h"
File datawin.cpp:
#include "datawin.h"
