 brk_chess_engine_v1

 Timestamp is 3e384bb8 (Wed Jan 29 16:46:32 2003)

 Preferred load address is 00400000

 Start         Length     Name                   Class
 0001:00000000 0004cbc4H .text                   CODE
 0001:0004cbd0 00002f13H .text$x                 CODE
 0002:00000000 00002669H .rdata                  DATA
 0002:00002670 00001344H .rdata$r                DATA
 0002:000039b8 00003d10H .xdata$x                DATA
 0002:000076c8 00000000H .edata                  DATA
 0003:00000000 00000004H .CRT$XCA                DATA
 0003:00000004 000000d4H .CRT$XCU                DATA
 0003:000000d8 00000004H .CRT$XCZ                DATA
 0003:000000dc 00000004H .CRT$XIA                DATA
 0003:000000e0 00000010H .CRT$XIC                DATA
 0003:000000f0 00000004H .CRT$XIY                DATA
 0003:000000f4 00000004H .CRT$XIZ                DATA
 0003:000000f8 00000004H .CRT$XPA                DATA
 0003:000000fc 00000004H .CRT$XPX                DATA
 0003:00000100 00000004H .CRT$XPZ                DATA
 0003:00000104 00000004H .CRT$XTA                DATA
 0003:00000108 00000004H .CRT$XTB                DATA
 0003:0000010c 00000004H .CRT$XTZ                DATA
 0003:00000110 000024ccH .data                   DATA
 0003:000025e0 00001f50H .bss                    DATA
 0004:00000000 00000014H .idata$2                DATA
 0004:00000014 00000014H .idata$3                DATA
 0004:00000028 0000015cH .idata$4                DATA
 0004:00000184 0000015cH .idata$5                DATA
 0004:000002e0 00000624H .idata$6                DATA

  Address         Publics by Value              Rva+Base     Lib:Object

 0001:00000070       ??0cBitArray@@QAE@XZ       00401070 f i board_data.obj
 0001:00000120       ??_H@YGXPAXIHP6EX0@Z@Z     00401120 f i board_data.obj
 0001:00000180       ?fillValidBoard@@YAXXZ     00401180 f   board_data.obj
 0001:000001e0       ?set@cBitArray@@QAEXHE@Z   004011e0 f i board_data.obj
 0001:00000420       ??0cAPP@@QAE@XZ            00401420 f   cAPP.obj
 0001:000004f0       ??0threadPool@@QAE@XZ      004014f0 f i cAPP.obj
 0001:00000540       ??1threadPool@@QAE@XZ      00401540 f i cAPP.obj
 0001:000005a0       ?start@threadPool@@QAEHAAVthreadObject@@@Z 004015a0 f i cAPP.obj
 0001:000005f0       ?install@threadPool@@QAEHAAVthreadObject@@@Z 004015f0 f i cAPP.obj
 0001:00000680       ?startThreads@threadPool@@QAEXXZ 00401680 f i cAPP.obj
 0001:000006e0       ?startThread@threadObject@@QAEXXZ 004016e0 f i cAPP.obj
 0001:00000720       ??1cAPP@@QAE@XZ            00401720 f   cAPP.obj
 0001:000007d0       ?KillThreads@threadPool@@QAEXXZ 004017d0 f i cAPP.obj
 0001:00000810       ?dispatch@cAPP@@QAEHAAV?$basic_string@DU?$char_traits@D@std@@V?$allocator@D@2@@std@@@Z 00401810 f   cAPP.obj
 0001:00000960       ?setXboardPrompt@cInterface@@QAEXXZ 00401960 f i cAPP.obj
 0001:000009b0       ?setXboard@cOUTPUT@@QAEXXZ 004019b0 f i cAPP.obj
 0001:000009e0       ?dumpBoard@cENGINE@@QAEXXZ 004019e0 f i cAPP.obj
 0001:00000a30       ?getPosition@cGAME@@QAEAAVcBoard@@XZ 00401a30 f i cAPP.obj
 0001:00000a80       ?getPosition@cGamePosition@@QAEAAVcBoard@@XZ 00401a80 f i cAPP.obj
 0001:00000ab0       ?list@cENGINE@@QAEXXZ      00401ab0 f i cAPP.obj
 0001:00000af0       ?on@cENGINE@@QAEXXZ        00401af0 f i cAPP.obj
 0001:00000b50       ?off@cENGINE@@QAEXXZ       00401b50 f i cAPP.obj
 0001:00000ba0       ?isSet@cENGINE@@QAE_NXZ    00401ba0 f i cAPP.obj
 0001:00000be0       ?run@cAPP@@QAEXXZ          00401be0 f   cAPP.obj
 0001:00000cc0       ?isDone@cENGINE@@QAE_NXZ   00401cc0 f i cAPP.obj
 0001:00000d00       ??0?$basic_string@DU?$char_traits@D@std@@V?$allocator@D@2@@std@@QAE@ABV?$allocator@D@1@@Z 00401d00 f i cAPP.obj
 0001:00000d50       ??1?$basic_string@DU?$char_traits@D@std@@V?$allocator@D@2@@std@@QAE@XZ 00401d50 f i cAPP.obj
 0001:00000d90       ??4?$basic_string@DU?$char_traits@D@std@@V?$allocator@D@2@@std@@QAEAAV01@PBD@Z 00401d90 f i cAPP.obj
 0001:00000dd0       ?size@?$basic_string@DU?$char_traits@D@std@@V?$allocator@D@2@@std@@QBEIXZ 00401dd0 f i cAPP.obj
 0001:00000e00       ??A?$vector@VcGamePosition@@V?$allocator@VcGamePosition@@@std@@@std@@QAEAAVcGamePosition@@I@Z 00401e00 f i cAPP.obj
 0001:00000e40       ?assign@?$basic_string@DU?$char_traits@D@std@@V?$allocator@D@2@@std@@QAEAAV12@PBD@Z 00401e40 f i cAPP.obj
 0001:00000e90       ?length@?$char_traits@D@std@@SAIPBD@Z 00401e90 f i cAPP.obj
 0001:00000ed0       ?_Tidy@?$basic_string@DU?$char_traits@D@std@@V?$allocator@D@2@@std@@AAEX_N@Z 00401ed0 f i cAPP.obj
 0001:00000fb0       ?begin@?$vector@VcGamePosition@@V?$allocator@VcGamePosition@@@std@@@std@@QAEPAVcGamePosition@@XZ 00401fb0 f i cAPP.obj
 0001:00000fe0       ?assign@?$basic_string@DU?$char_traits@D@std@@V?$allocator@D@2@@std@@QAEAAV12@PBDI@Z 00401fe0 f i cAPP.obj
 0001:00001050       ?copy@?$char_traits@D@std@@SAPADPADPBDI@Z 00402050 f i cAPP.obj
 0001:00001090       ?_Eos@?$basic_string@DU?$char_traits@D@std@@V?$allocator@D@2@@std@@AAEXI@Z 00402090 f i cAPP.obj
 0001:000010f0       ?assign@?$char_traits@D@std@@SAXAADABD@Z 004020f0 f i cAPP.obj
 0001:00001120       ?_Grow@?$basic_string@DU?$char_traits@D@std@@V?$allocator@D@2@@std@@AAE_NI_N@Z 00402120 f i cAPP.obj
 0001:00001280       ?_Refcnt@?$basic_string@DU?$char_traits@D@std@@V?$allocator@D@2@@std@@AAEAAEPBD@Z 00402280 f i cAPP.obj
 0001:000012b0       ?deallocate@?$allocator@D@std@@QAEXPAXI@Z 004022b0 f i cAPP.obj
 0001:000012f0       ?max_size@?$basic_string@DU?$char_traits@D@std@@V?$allocator@D@2@@std@@QBEIXZ 004022f0 f i cAPP.obj
 0001:00001350       ?_Copy@?$basic_string@DU?$char_traits@D@std@@V?$allocator@D@2@@std@@AAEXI@Z 00402350 f i cAPP.obj
 0001:000014b0       ?allocate@?$allocator@D@std@@QAEPADIPBX@Z 004024b0 f i cAPP.obj
 0001:000014f0       ?max_size@?$allocator@D@std@@QBEIXZ 004024f0 f i cAPP.obj
 0001:00001540       ?_Allocate@std@@YAPADHPAD@Z 00402540 f i cAPP.obj
 0001:000015d0       ?id@?$ctype@G@std@@$D      004025d0 f i cAPP.obj
 0001:00001650       ?id@?$ctype@G@std@@$E      00402650 f i cAPP.obj
 0001:00001670       ??0cBitArray@@QAE@QAE@Z    00402670 f   cBitArray.obj
 0001:000016d0       ??0cBoard@@QAE@XZ          004026d0 f   cBoard.obj
 0001:00001770       ??0cBoard@@QAE@ABV0@@Z     00402770 f   cBoard.obj
 0001:000018f0       ?copy@cBitArray@@QAEXABV1@@Z 004028f0 f i cBoard.obj
 0001:00001930       ??4cBoard@@QAEAAV0@ABV0@@Z 00402930 f   cBoard.obj
 0001:00001a40       ??4cBitArray@@QAEAAV0@ABV0@@Z 00402a40 f i cBoard.obj
 0001:00001a80       ?NewGameBoard@cBoard@@QAEXXZ 00402a80 f   cBoard.obj
 0001:00001c10       ?or@cBitArray@@QAEXAAV1@@Z 00402c10 f i cBoard.obj
 0001:00001c50       ?get@cBoard@@QAEDHH@Z      00402c50 f   cBoard.obj
 0001:00001f10       ?getPiece@cBitArray@@QAEEHH@Z 00402f10 f i cBoard.obj
 0001:00001f60       ??AcBitArray@@QAEEH@Z      00402f60 f i cBoard.obj
 0001:00001f90       ?move@cBoard@@QAEXAAVcMove@@@Z 00402f90 f   cBoard.obj
 0001:00002520       ?and@cBitArray@@QAEXAAV1@@Z 00403520 f i cBoard.obj
 0001:00002560       ?xor@cBitArray@@QAEXAAV1@@Z 00403560 f i cBoard.obj
 0001:000025a0       ?not@cBitArray@@QAEXAAV1@@Z 004035a0 f i cBoard.obj
 0001:000025e0       ??0cMove@@QAE@XZ           004035e0 f i cBoard.obj
 0001:00002650       ?setMove@cMove@@QAEXHHHHHHH@Z 00403650 f i cBoard.obj
 0001:000026c0       ?setPiece@cBitArray@@QAEXHH@Z 004036c0 f i cBoard.obj
 0001:00002710       ?getPiece@cBoard@@QAEHAAVcBitArray@@@Z 00403710 f   cBoard.obj
 0001:00002840       ??IcBitArray@@QAE_KAAV0@@Z 00403840 f i cBoard.obj
 0001:00002900       ?find_rank@@YAHD@Z         00403900 f   cConvert.obj
 0001:00002970       ?find_file@@YAHD@Z         00403970 f   cConvert.obj
 0001:00002a00       ?convert@@YAPADAAVcMove@@@Z 00403a00 f   cConvert.obj
 0001:00002b90       ?active@cBitArray@@QAEHXZ  00403b90 f i cConvert.obj
 0001:00002be0       ?convertReply@@YAPADAAVcMove@@@Z 00403be0 f   cConvert.obj
 0001:00002d70       ?convert@cBoard@@QAE?AVcMove@@W4SQUARE_NAMES@@0@Z 00403d70 f   cConvert.obj
 0001:00002f00       ?setPiece@cBitArray@@QAEXW4SQUARE_NAMES@@@Z 00403f00 f i cConvert.obj
 0001:00002f70       ??0cMove@@QAE@ABV0@@Z      00403f70 f i cConvert.obj
 0001:00003010       ?setColor@cMove@@QAEXH@Z   00404010 f i cConvert.obj
 0001:00003040       ?setPiece@cMove@@QAEXH@Z   00404040 f i cConvert.obj
 0001:00003070       ?setCapture@cMove@@QAEXH@Z 00404070 f i cConvert.obj
 0001:00003320       ??0cENGINE@@QAE@AAVcOUTPUT@@@Z 00404320 f   cEngine.obj
 0001:00003490       ?getCurrentPly@cGAME@@QAEHXZ 00404490 f i cEngine.obj
 0001:000034c0       ??_GcENGINE@@UAEPAXI@Z     004044c0 f i cEngine.obj
 0001:000034c0       ??_EcENGINE@@UAEPAXI@Z     004044c0 f i cEngine.obj
 0001:00003520       ??1cENGINE@@UAE@XZ         00404520 f   cEngine.obj
 0001:000035f0       ?stopThread@threadObject@@QAEXXZ 004045f0 f i cEngine.obj
 0001:00003630       ?makeCompMove@cENGINE@@AAEHXZ 00404630 f   cEngine.obj
 0001:00003730       ?toMove@cPosition@@QAEHXZ  00404730 f i cEngine.obj
 0001:00003760       ?isMated@cPosition@@QAEHXZ 00404760 f i cEngine.obj
 0001:00003790       ?getRootPos@cTree@@QAEPAVcPosition@@XZ 00404790 f i cEngine.obj
 0001:000037d0       ?runThread@cENGINE@@EAEXXZ 004047d0 f   cEngine.obj
 0001:00003900       ?toMove@cGAME@@QAEHXZ      00404900 f i cEngine.obj
 0001:00003950       ?toMove@cGamePosition@@QAEHXZ 00404950 f i cEngine.obj
 0001:00003990       ?toMove@cBoard@@QAEHXZ     00404990 f i cEngine.obj
 0001:000039c0       ?makeMove@cENGINE@@QAEHAAV?$basic_string@DU?$char_traits@D@std@@V?$allocator@D@2@@std@@@Z 004049c0 f   cEngine.obj
 0001:00003b20       ?substr@?$basic_string@DU?$char_traits@D@std@@V?$allocator@D@2@@std@@QBE?AV12@II@Z 00404b20 f i cEngine.obj
 0001:00003b80       ??A?$vector@PAVcPosition@@V?$allocator@PAVcPosition@@@std@@@std@@QAEAAPAVcPosition@@I@Z 00404b80 f i cEngine.obj
 0001:00003bc0       ??0?$basic_string@DU?$char_traits@D@std@@V?$allocator@D@2@@std@@QAE@ABV01@IIABV?$allocator@D@1@@Z 00404bc0 f i cEngine.obj
 0001:00003c20       ?assign@?$basic_string@DU?$char_traits@D@std@@V?$allocator@D@2@@std@@QAEAAV12@ABV12@II@Z 00404c20 f i cEngine.obj
 0001:00003da0       ?c_str@?$basic_string@DU?$char_traits@D@std@@V?$allocator@D@2@@std@@QBEPBDXZ 00404da0 f i cEngine.obj
 0001:00003df0       ?_Nullstr@?$basic_string@DU?$char_traits@D@std@@V?$allocator@D@2@@std@@CAPBDXZ 00404df0 f i cEngine.obj
 0001:00003e20       ?begin@?$vector@PAVcPosition@@V?$allocator@PAVcPosition@@@std@@@std@@QAEPAPAVcPosition@@XZ 00404e20 f i cEngine.obj
 0001:00003e50       ?erase@?$basic_string@DU?$char_traits@D@std@@V?$allocator@D@2@@std@@QAEAAV12@II@Z 00404e50 f i cEngine.obj
 0001:00003f20       ?move@?$char_traits@D@std@@SAPADPADPBDI@Z 00404f20 f i cEngine.obj
 0001:00003f60       ?capacity@?$basic_string@DU?$char_traits@D@std@@V?$allocator@D@2@@std@@QBEIXZ 00404f60 f i cEngine.obj
 0001:00003f90       ?_Split@?$basic_string@DU?$char_traits@D@std@@V?$allocator@D@2@@std@@AAEXXZ 00404f90 f i cEngine.obj
 0001:00004020       ??8std@@YA_NABV?$allocator@D@0@0@Z 00405020 f i cEngine.obj
 0001:000042d0       ??0cGAME@@QAE@XZ           004052d0 f   cGAME.obj
 0001:00004360       ??1cGAME@@QAE@XZ           00405360 f   cGAME.obj
 0001:000043e0       ?new_game@cGAME@@QAEHXZ    004053e0 f   cGAME.obj
 0001:00004470       ??0cGamePosition@@QAE@AAVcBoard@@AAVcMove@@@Z 00405470 f i cGAME.obj
 0001:000044e0       ??4cMove@@QAEAAV0@ABV0@@Z  004054e0 f i cGAME.obj
 0001:00004570       ?make_move@cGAME@@QAEHW4SQUARE_NAMES@@0@Z 00405570 f   cGAME.obj
 0001:000045f0       ?make_move@cGAME@@QAEHAAVcMove@@@Z 004055f0 f   cGAME.obj
 0001:00004740       ?take_back@cGAME@@QAEHXZ   00405740 f   cGAME.obj
 0001:00004790       ?list@cGAME@@QAEXAAVcOUTPUT@@@Z 00405790 f   cGAME.obj
 0001:000048d0       ?getMove@cGamePosition@@QAEAAVcMove@@XZ 004058d0 f i cGAME.obj
 0001:00004900       ?getColor@cGamePosition@@QAEHXZ 00405900 f i cGAME.obj
 0001:00004940       ?getColor@cMove@@QAEHXZ    00405940 f i cGAME.obj
 0001:00004970       ?outputReply@cGAME@@QAEXAAVcOUTPUT@@@Z 00405970 f   cGAME.obj
 0001:00004a40       ??Y?$basic_string@DU?$char_traits@D@std@@V?$allocator@D@2@@std@@QAEAAV01@PBD@Z 00405a40 f i cGAME.obj
 0001:00004a80       ??0?$vector@VcGamePosition@@V?$allocator@VcGamePosition@@@std@@@std@@QAE@ABV?$allocator@VcGamePosition@@@1@@Z 00405a80 f i cGAME.obj
 0001:00004ae0       ??1?$vector@VcGamePosition@@V?$allocator@VcGamePosition@@@std@@@std@@QAE@XZ 00405ae0 f i cGAME.obj
 0001:00004b70       ?push_back@?$vector@VcGamePosition@@V?$allocator@VcGamePosition@@@std@@@std@@QAEXABVcGamePosition@@@Z 00405b70 f i cGAME.obj
 0001:00004bc0       ?pop_back@?$vector@VcGamePosition@@V?$allocator@VcGamePosition@@@std@@@std@@QAEXXZ 00405bc0 f i cGAME.obj
 0001:00004c10       ?clear@?$vector@VcGamePosition@@V?$allocator@VcGamePosition@@@std@@@std@@QAEXXZ 00405c10 f i cGAME.obj
 0001:00004c60       ??0?$vector@VcMove@@V?$allocator@VcMove@@@std@@@std@@QAE@ABV?$allocator@VcMove@@@1@@Z 00405c60 f i cGAME.obj
 0001:00004cc0       ??1?$vector@VcMove@@V?$allocator@VcMove@@@std@@@std@@QAE@XZ 00405cc0 f i cGAME.obj
 0001:00004d50       ?begin@?$vector@VcMove@@V?$allocator@VcMove@@@std@@@std@@QAEPAVcMove@@XZ 00405d50 f i cGAME.obj
 0001:00004d80       ?end@?$vector@VcMove@@V?$allocator@VcMove@@@std@@@std@@QAEPAVcMove@@XZ 00405d80 f i cGAME.obj
 0001:00004db0       ?clear@?$vector@VcMove@@V?$allocator@VcMove@@@std@@@std@@QAEXXZ 00405db0 f i cGAME.obj
 0001:00004e00       ?append@?$basic_string@DU?$char_traits@D@std@@V?$allocator@D@2@@std@@QAEAAV12@PBD@Z 00405e00 f i cGAME.obj
 0001:00004e50       ?end@?$vector@VcGamePosition@@V?$allocator@VcGamePosition@@@std@@@std@@QAEPAVcGamePosition@@XZ 00405e50 f i cGAME.obj
 0001:00004e80       ?insert@?$vector@VcGamePosition@@V?$allocator@VcGamePosition@@@std@@@std@@QAEPAVcGamePosition@@PAV3@ABV3@@Z 00405e80 f i cGAME.obj
 0001:00004ef0       ?erase@?$vector@VcGamePosition@@V?$allocator@VcGamePosition@@@std@@@std@@QAEPAVcGamePosition@@PAV3@@Z 00405ef0 f i cGAME.obj
 0001:00004f70       ?erase@?$vector@VcGamePosition@@V?$allocator@VcGamePosition@@@std@@@std@@QAEPAVcGamePosition@@PAV3@0@Z 00405f70 f i cGAME.obj
 0001:00004fe0       ?_Destroy@?$vector@VcGamePosition@@V?$allocator@VcGamePosition@@@std@@@std@@IAEXPAVcGamePosition@@0@Z 00405fe0 f i cGAME.obj
 0001:00005040       ?deallocate@?$allocator@VcGamePosition@@@std@@QAEXPAXI@Z 00406040 f i cGAME.obj
 0001:00005080       ?erase@?$vector@VcMove@@V?$allocator@VcMove@@@std@@@std@@QAEPAVcMove@@PAV3@0@Z 00406080 f i cGAME.obj
 0001:000050f0       ?_Destroy@?$vector@VcMove@@V?$allocator@VcMove@@@std@@@std@@IAEXPAVcMove@@0@Z 004060f0 f i cGAME.obj
 0001:00005150       ?deallocate@?$allocator@VcMove@@@std@@QAEXPAXI@Z 00406150 f i cGAME.obj
 0001:00005190       ?append@?$basic_string@DU?$char_traits@D@std@@V?$allocator@D@2@@std@@QAEAAV12@PBDI@Z 00406190 f i cGAME.obj
 0001:00005230       ?insert@?$vector@VcGamePosition@@V?$allocator@VcGamePosition@@@std@@@std@@QAEXPAVcGamePosition@@IABV3@@Z 00406230 f i cGAME.obj
 0001:00005480       ?destroy@?$allocator@VcGamePosition@@@std@@QAEXPAVcGamePosition@@@Z 00406480 f i cGAME.obj
 0001:000054c0       ?destroy@?$allocator@VcMove@@@std@@QAEXPAVcMove@@@Z 004064c0 f i cGAME.obj
 0001:00005500       ?size@?$vector@VcGamePosition@@V?$allocator@VcGamePosition@@@std@@@std@@QBEIXZ 00406500 f i cGAME.obj
 0001:00005550       ?_Ucopy@?$vector@VcGamePosition@@V?$allocator@VcGamePosition@@@std@@@std@@IAEPAVcGamePosition@@PBV3@0PAV3@@Z 00406550 f i cGAME.obj
 0001:000055c0       ?_Ufill@?$vector@VcGamePosition@@V?$allocator@VcGamePosition@@@std@@@std@@IAEXPAVcGamePosition@@IABV3@@Z 004065c0 f i cGAME.obj
 0001:00005620       ?allocate@?$allocator@VcGamePosition@@@std@@QAEPAVcGamePosition@@IPBX@Z 00406620 f i cGAME.obj
 0001:00005660       ?construct@?$allocator@VcGamePosition@@@std@@QAEXPAVcGamePosition@@ABV3@@Z 00406660 f i cGAME.obj
 0001:000056a0       ?find@std@@YAPAVcMove@@PAV2@0ABV2@@Z 004066a0 f i cGAME.obj
 0001:00005700       ??8cMove@@QAE_NABV0@@Z     00406700 f i cGAME.obj
 0001:000057c0       ??8cBitArray@@QAE_NABV0@@Z 004067c0 f i cGAME.obj
 0001:00005820       ?copy@std@@YAPAVcGamePosition@@PAV2@00@Z 00406820 f i cGAME.obj
 0001:00005880       ?copy@std@@YAPAVcMove@@PAV2@00@Z 00406880 f i cGAME.obj
 0001:000058e0       ?fill@std@@YAXPAVcGamePosition@@0ABV2@@Z 004068e0 f i cGAME.obj
 0001:00005930       ?copy_backward@std@@YAPAVcGamePosition@@PAV2@00@Z 00406930 f i cGAME.obj
 0001:00005990       ?_Destroy@std@@YAXPAVcGamePosition@@@Z 00406990 f i cGAME.obj
 0001:000059b0       ?_Destroy@std@@YAXPAVcMove@@@Z 004069b0 f i cGAME.obj
 0001:000059d0       ?_Allocate@std@@YAPAVcGamePosition@@HPAV2@@Z 004069d0 f i cGAME.obj
 0001:00005a20       ?_Construct@std@@YAXPAVcGamePosition@@ABV2@@Z 00406a20 f i cGAME.obj
 0001:00005ab0       ??2@YAPAXIPAX@Z            00406ab0 f i cGAME.obj
 0001:00005ae0       ??3@YAXPAX0@Z              00406ae0 f i cGAME.obj
 0001:00005b00       ??0cGamePosition@@QAE@ABV0@@Z 00406b00 f i cGAME.obj
 0001:00005b70       ??4cGamePosition@@QAEAAV0@ABV0@@Z 00406b70 f i cGAME.obj
 0001:00005e50       ?eol@cOUTPUT@@QAEXXZ       00406e50 f   cInterface.obj
 0001:00005ed0       ?endl@std@@YAAAV?$basic_ostream@DU?$char_traits@D@std@@@1@AAV21@@Z 00406ed0 f i cInterface.obj
 0001:00005f10       ??0Lock@@QAE@AAVlockableObject@@@Z 00406f10 f i cInterface.obj
 0001:00005f70       ??1Lock@@QAE@XZ            00406f70 f i cInterface.obj
 0001:00005fc0       ?echo@cOUTPUT@@QAEXAAV?$basic_string@DU?$char_traits@D@std@@V?$allocator@D@2@@std@@@Z 00406fc0 f   cInterface.obj
 0001:00006060       ?prompt@cOUTPUT@@QAEXAAV?$basic_string@DU?$char_traits@D@std@@V?$allocator@D@2@@std@@@Z 00407060 f   cInterface.obj
 0001:000060f0       ?echo@cOUTPUT@@QAEXPBD@Z   004070f0 f   cInterface.obj
 0001:00006190       ?prompt@cOUTPUT@@QAEXPBD@Z 00407190 f   cInterface.obj
 0001:00006220       ?echo@cOUTPUT@@QAEXAAVstrstream@std@@@Z 00407220 f   cInterface.obj
 0001:000062b0       ?str@strstream@std@@QAEPADXZ 004072b0 f i cInterface.obj
 0001:000062f0       ?str@strstreambuf@std@@QAEPADXZ 004072f0 f i cInterface.obj
 0001:00006330       ?dumpBoard@cOUTPUT@@QAEXAAVcBoard@@@Z 00407330 f   cInterface.obj
 0001:00006470       ??0cInterface@@QAE@XZ      00407470 f   cInterface.obj
 0001:00006520       ?setNormalPrompt@cInterface@@QAEXXZ 00407520 f i cInterface.obj
 0001:00006570       ?clearXboard@cOUTPUT@@QAEXXZ 00407570 f i cInterface.obj
 0001:000065a0       ??0cOUTPUT@@QAE@XZ         004075a0 f i cInterface.obj
 0001:000065e0       ??0criticalSection@@QAE@XZ 004075e0 f i cInterface.obj
 0001:00006640       ??0lockableObject@@QAE@XZ  00407640 f i cInterface.obj
 0001:00006670       ??_GlockableObject@@UAEPAXI@Z 00407670 f i cInterface.obj
 0001:00006670       ??_ElockableObject@@UAEPAXI@Z 00407670 f i cInterface.obj
 0001:000066d0       ??1lockableObject@@UAE@XZ  004076d0 f i cInterface.obj
 0001:00006700       ?Lock@criticalSection@@UAEXXZ 00407700 f i cInterface.obj
 0001:00006750       ?Unlock@criticalSection@@UAEXXZ 00407750 f i cInterface.obj
 0001:000067a0       ??_EcriticalSection@@UAEPAXI@Z 004077a0 f i cInterface.obj
 0001:000067a0       ??_GcriticalSection@@UAEPAXI@Z 004077a0 f i cInterface.obj
 0001:00006800       ??1criticalSection@@UAE@XZ 00407800 f i cInterface.obj
 0001:00006860       ??1cOUTPUT@@QAE@XZ         00407860 f i cInterface.obj
 0001:000068a0       ??1cInterface@@QAE@XZ      004078a0 f   cInterface.obj
 0001:00006930       ?fetchCmd@cInterface@@QAEXXZ 00407930 f   cInterface.obj
 0001:000069f0       ?get@cInterface@@QAEHAAV?$basic_string@DU?$char_traits@D@std@@V?$allocator@D@2@@std@@@Z 004079f0 f   cInterface.obj
 0001:00006a80       ?error@cInterface@@QAEXAAV?$basic_string@DU?$char_traits@D@std@@V?$allocator@D@2@@std@@@Z 00407a80 f   cInterface.obj
 0001:00006b20       ??4?$basic_string@DU?$char_traits@D@std@@V?$allocator@D@2@@std@@QAEAAV01@ABV01@@Z 00407b20 f i cInterface.obj
 0001:00006b60       ??Y?$basic_string@DU?$char_traits@D@std@@V?$allocator@D@2@@std@@QAEAAV01@ABV01@@Z 00407b60 f i cInterface.obj
 0001:00006ba0       ??Y?$basic_string@DU?$char_traits@D@std@@V?$allocator@D@2@@std@@QAEAAV01@D@Z 00407ba0 f i cInterface.obj
 0001:00006be0       ??A?$basic_string@DU?$char_traits@D@std@@V?$allocator@D@2@@std@@QAEAADI@Z 00407be0 f i cInterface.obj
 0001:00006c40       ??6?$basic_ostream@DU?$char_traits@D@std@@@std@@QAEAAV01@P6AAAV01@AAV01@@Z@Z 00407c40 f i cInterface.obj
 0001:00006c90       ??6?$basic_ostream@DU?$char_traits@D@std@@@std@@QAEAAV01@H@Z 00407c90 f i cInterface.obj
 0001:00006e80       ??1locale@std@@QAE@XZ      00407e80 f i cInterface.obj
 0001:00006ef0       ?_Decref@facet@locale@std@@QAEPAV123@XZ 00407ef0 f i cInterface.obj
 0001:00006f70       ?flags@ios_base@std@@QBEHXZ 00407f70 f i cInterface.obj
 0001:00006fa0       ?getloc@ios_base@std@@QBE?AVlocale@2@XZ 00407fa0 f i cInterface.obj
 0001:00007000       ??0locale@std@@QAE@ABV01@@Z 00408000 f i cInterface.obj
 0001:00007050       ?_Incref@facet@locale@std@@QAEXXZ 00408050 f i cInterface.obj
 0001:000070b0       ?put@?$basic_ostream@DU?$char_traits@D@std@@@std@@QAEAAV12@D@Z 004080b0 f i cInterface.obj
 0001:000071f0       ?eq_int_type@?$char_traits@D@std@@SA_NABH0@Z 004081f0 f i cInterface.obj
 0001:00007220       ?eof@?$char_traits@D@std@@SAHXZ 00408220 f i cInterface.obj
 0001:00007250       ?flush@?$basic_ostream@DU?$char_traits@D@std@@@std@@QAEAAV12@XZ 00408250 f i cInterface.obj
 0001:000072e0       ?fail@ios_base@std@@QBE_NXZ 004082e0 f i cInterface.obj
 0001:00007320       ?rdstate@ios_base@std@@QBEHXZ 00408320 f i cInterface.obj
 0001:00007350       ?setstate@?$basic_ios@DU?$char_traits@D@std@@@std@@QAEXH_N@Z 00408350 f i cInterface.obj
 0001:000073a0       ?rdbuf@?$basic_ios@DU?$char_traits@D@std@@@std@@QBEPAV?$basic_streambuf@DU?$char_traits@D@std@@@2@XZ 004083a0 f i cInterface.obj
 0001:000073d0       ?get@?$basic_istream@DU?$char_traits@D@std@@@std@@QAEAAV12@AAD@Z 004083d0 f i cInterface.obj
 0001:00007440       ?to_char_type@?$char_traits@D@std@@SADABH@Z 00408440 f i cInterface.obj
 0001:00007470       ?gptr@?$basic_streambuf@DU?$char_traits@D@std@@@std@@IBEPADXZ 00408470 f i cInterface.obj
 0001:000074a0       ??0?$deque@V?$basic_string@DU?$char_traits@D@std@@V?$allocator@D@2@@std@@V?$allocator@V?$basic_string@DU?$char_traits@D@std@@V?$allocator@D@2@@std@@@2@@std@@QAE@ABV?$allocator@V?$basic_string@DU?$char_traits@D@std@@V?$allocator@D@2@@std@@@1@@Z 004084a0 f i cInterface.obj
 0001:00007520       ??1?$deque@V?$basic_string@DU?$char_traits@D@std@@V?$allocator@D@2@@std@@V?$allocator@V?$basic_string@DU?$char_traits@D@std@@V?$allocator@D@2@@std@@@2@@std@@QAE@XZ 00408520 f i cInterface.obj
 0001:00007570       ?size@?$deque@V?$basic_string@DU?$char_traits@D@std@@V?$allocator@D@2@@std@@V?$allocator@V?$basic_string@DU?$char_traits@D@std@@V?$allocator@D@2@@std@@@2@@std@@QBEIXZ 00408570 f i cInterface.obj
 0001:000075a0       ??A?$deque@V?$basic_string@DU?$char_traits@D@std@@V?$allocator@D@2@@std@@V?$allocator@V?$basic_string@DU?$char_traits@D@std@@V?$allocator@D@2@@std@@@2@@std@@QAEAAV?$basic_string@DU?$char_traits@D@std@@V?$allocator@D@2@@1@I@Z 004085a0 f i cInterface.obj
 0001:00007600       ?pop_front@?$deque@V?$basic_string@DU?$char_traits@D@std@@V?$allocator@D@2@@std@@V?$allocator@V?$basic_string@DU?$char_traits@D@std@@V?$allocator@D@2@@std@@@2@@std@@QAEXXZ 00408600 f i cInterface.obj
 0001:00007690       ?push_back@?$deque@V?$basic_string@DU?$char_traits@D@std@@V?$allocator@D@2@@std@@V?$allocator@V?$basic_string@DU?$char_traits@D@std@@V?$allocator@D@2@@std@@@2@@std@@QAEXABV?$basic_string@DU?$char_traits@D@std@@V?$allocator@D@2@@2@@Z 00408690 f i cInterface.obj
 0001:00007790       ?clear@?$deque@V?$basic_string@DU?$char_traits@D@std@@V?$allocator@D@2@@std@@V?$allocator@V?$basic_string@DU?$char_traits@D@std@@V?$allocator@D@2@@std@@@2@@std@@QAEXXZ 00408790 f i cInterface.obj
 0001:00007820       ?append@?$basic_string@DU?$char_traits@D@std@@V?$allocator@D@2@@std@@QAEAAV12@ABV12@@Z 00408820 f i cInterface.obj
 0001:00007870       ?append@?$basic_string@DU?$char_traits@D@std@@V?$allocator@D@2@@std@@QAEAAV12@ID@Z 00408870 f i cInterface.obj
 0001:00007910       ?assign@?$char_traits@D@std@@SAPADPADIABD@Z 00408910 f i cInterface.obj
 0001:00007950       ?assign@?$basic_string@DU?$char_traits@D@std@@V?$allocator@D@2@@std@@QAEAAV12@ABV12@@Z 00408950 f i cInterface.obj
 0001:000079a0       ?_Freeze@?$basic_string@DU?$char_traits@D@std@@V?$allocator@D@2@@std@@AAEXXZ 004089a0 f i cInterface.obj
 0001:00007a40       ?clear@?$basic_ios@DU?$char_traits@D@std@@@std@@QAEXH_N@Z 00408a40 f i cInterface.obj
 0001:00007aa0       ?fill@?$basic_ios@DU?$char_traits@D@std@@@std@@QBEDXZ 00408aa0 f i cInterface.obj
 0001:00007ad0       ??0sentry@?$basic_ostream@DU?$char_traits@D@std@@@std@@QAE@AAV12@@Z 00408ad0 f i cInterface.obj
 0001:00007b20       ??1sentry@?$basic_ostream@DU?$char_traits@D@std@@@std@@QAE@XZ 00408b20 f i cInterface.obj
 0001:00007b70       ??Bsentry@?$basic_ostream@DU?$char_traits@D@std@@@std@@QBE_NXZ 00408b70 f i cInterface.obj
 0001:00007ba0       ?get@?$basic_istream@DU?$char_traits@D@std@@@std@@QAEHXZ 00408ba0 f i cInterface.obj
 0001:00007ce0       ??0sentry@?$basic_istream@DU?$char_traits@D@std@@@std@@QAE@AAV12@_N@Z 00408ce0 f i cInterface.obj
 0001:00007d30       ??Bsentry@?$basic_istream@DU?$char_traits@D@std@@@std@@QBE_NXZ 00408d30 f i cInterface.obj
 0001:00007d60       ?ipfx@?$basic_istream@DU?$char_traits@D@std@@@std@@QAE_N_N@Z 00408d60 f i cInterface.obj
 0001:00007f90       ?is@?$ctype@D@std@@QBE_NFD@Z 00408f90 f i cInterface.obj
 0001:00007fe0       ?good@ios_base@std@@QBE_NXZ 00408fe0 f i cInterface.obj
 0001:00008020       ?sgetc@?$basic_streambuf@DU?$char_traits@D@std@@@std@@QAEHXZ 00409020 f i cInterface.obj
 0001:000080a0       ?to_int_type@?$char_traits@D@std@@SAHABD@Z 004090a0 f i cInterface.obj
 0001:000080d0       ?snextc@?$basic_streambuf@DU?$char_traits@D@std@@@std@@QAEHXZ 004090d0 f i cInterface.obj
 0001:00008150       ?pubsync@?$basic_streambuf@DU?$char_traits@D@std@@@std@@QAEHXZ 00409150 f i cInterface.obj
 0001:000081a0       ?sbumpc@?$basic_streambuf@DU?$char_traits@D@std@@@std@@QAEHXZ 004091a0 f i cInterface.obj
 0001:00008220       ?sputc@?$basic_streambuf@DU?$char_traits@D@std@@@std@@QAEHD@Z 00409220 f i cInterface.obj
 0001:000082c0       ?pptr@?$basic_streambuf@DU?$char_traits@D@std@@@std@@IBEPADXZ 004092c0 f i cInterface.obj
 0001:000082f0       ?egptr@?$basic_streambuf@DU?$char_traits@D@std@@@std@@IBEPADXZ 004092f0 f i cInterface.obj
 0001:00008330       ?epptr@?$basic_streambuf@DU?$char_traits@D@std@@@std@@IBEPADXZ 00409330 f i cInterface.obj
 0001:00008370       ?_Gninc@?$basic_streambuf@DU?$char_traits@D@std@@@std@@IAEPADXZ 00409370 f i cInterface.obj
 0001:000083d0       ?begin@?$deque@V?$basic_string@DU?$char_traits@D@std@@V?$allocator@D@2@@std@@V?$allocator@V?$basic_string@DU?$char_traits@D@std@@V?$allocator@D@2@@std@@@2@@std@@QAE?AViterator@12@XZ 004093d0 f i cInterface.obj
 0001:00008420       ?end@?$deque@V?$basic_string@DU?$char_traits@D@std@@V?$allocator@D@2@@std@@V?$allocator@V?$basic_string@DU?$char_traits@D@std@@V?$allocator@D@2@@std@@@2@@std@@QAE?AViterator@12@XZ 00409420 f i cInterface.obj
 0001:00008470       ?empty@?$deque@V?$basic_string@DU?$char_traits@D@std@@V?$allocator@D@2@@std@@V?$allocator@V?$basic_string@DU?$char_traits@D@std@@V?$allocator@D@2@@std@@@2@@std@@QBE_NXZ 00409470 f i cInterface.obj
 0001:000084b0       ?erase@?$deque@V?$basic_string@DU?$char_traits@D@std@@V?$allocator@D@2@@std@@V?$allocator@V?$basic_string@DU?$char_traits@D@std@@V?$allocator@D@2@@std@@@2@@std@@QAE?AViterator@12@V312@0@Z 004094b0 f i cInterface.obj
 0001:000086b0       ?_Buyback@?$deque@V?$basic_string@DU?$char_traits@D@std@@V?$allocator@D@2@@std@@V?$allocator@V?$basic_string@DU?$char_traits@D@std@@V?$allocator@D@2@@std@@@2@@std@@IAEXXZ 004096b0 f i cInterface.obj
 0001:000088b0       ?_Freefront@?$deque@V?$basic_string@DU?$char_traits@D@std@@V?$allocator@D@2@@std@@V?$allocator@V?$basic_string@DU?$char_traits@D@std@@V?$allocator@D@2@@std@@@2@@std@@IAEXXZ 004098b0 f i cInterface.obj
 0001:000089a0       ?construct@?$allocator@V?$basic_string@DU?$char_traits@D@std@@V?$allocator@D@2@@std@@@std@@QAEXPAV?$basic_string@DU?$char_traits@D@std@@V?$allocator@D@2@@2@ABV32@@Z 004099a0 f i cInterface.obj
 0001:000089e0       ?destroy@?$allocator@V?$basic_string@DU?$char_traits@D@std@@V?$allocator@D@2@@std@@@std@@QAEXPAV?$basic_string@DU?$char_traits@D@std@@V?$allocator@D@2@@2@@Z 004099e0 f i cInterface.obj
 0001:00008a20       ??0iterator@?$deque@V?$basic_string@DU?$char_traits@D@std@@V?$allocator@D@2@@std@@V?$allocator@V?$basic_string@DU?$char_traits@D@std@@V?$allocator@D@2@@std@@@2@@std@@QAE@XZ 00409a20 f i cInterface.obj
 0001:00008a60       ??Diterator@?$deque@V?$basic_string@DU?$char_traits@D@std@@V?$allocator@D@2@@std@@V?$allocator@V?$basic_string@DU?$char_traits@D@std@@V?$allocator@D@2@@std@@@2@@std@@QBEAAV?$basic_string@DU?$char_traits@D@std@@V?$allocator@D@2@@2@XZ 00409a60 f i cInterface.obj
 0001:00008a90       ??Hiterator@?$deque@V?$basic_string@DU?$char_traits@D@std@@V?$allocator@D@2@@std@@V?$allocator@V?$basic_string@DU?$char_traits@D@std@@V?$allocator@D@2@@std@@@2@@std@@QBE?AV012@H@Z 00409a90 f i cInterface.obj
 0001:00008b10       ?put@?$num_put@DV?$ostreambuf_iterator@DU?$char_traits@D@std@@@std@@@std@@QBE?AV?$ostreambuf_iterator@DU?$char_traits@D@std@@@2@V32@AAVios_base@2@DJ@Z 00409b10 f i cInterface.obj
 0001:00008b80       ??0?$ostreambuf_iterator@DU?$char_traits@D@std@@@std@@QAE@PAV?$basic_streambuf@DU?$char_traits@D@std@@@1@@Z 00409b80 f i cInterface.obj
 0001:00008bc0       ?failed@?$ostreambuf_iterator@DU?$char_traits@D@std@@@std@@QBE_NXZ 00409bc0 f i cInterface.obj
 0001:00008bf0       ?append@?$basic_string@DU?$char_traits@D@std@@V?$allocator@D@2@@std@@QAEAAV12@ABV12@II@Z 00409bf0 f i cInterface.obj
 0001:00008cc0       ?opfx@?$basic_ostream@DU?$char_traits@D@std@@@std@@QAE_NXZ 00409cc0 f i cInterface.obj
 0001:00008d50       ?osfx@?$basic_ostream@DU?$char_traits@D@std@@@std@@QAEXXZ 00409d50 f i cInterface.obj
 0001:00008da0       ?tie@?$basic_ios@DU?$char_traits@D@std@@@std@@QBEPAV?$basic_ostream@DU?$char_traits@D@std@@@2@XZ 00409da0 f i cInterface.obj
 0001:00008dd0       ?_Pninc@?$basic_streambuf@DU?$char_traits@D@std@@@std@@IAEPADXZ 00409dd0 f i cInterface.obj
 0001:00008e30       ?pop_back@?$deque@V?$basic_string@DU?$char_traits@D@std@@V?$allocator@D@2@@std@@V?$allocator@V?$basic_string@DU?$char_traits@D@std@@V?$allocator@D@2@@std@@@2@@std@@QAEXXZ 00409e30 f i cInterface.obj
 0001:00008ed0       ?_Freemap@?$deque@V?$basic_string@DU?$char_traits@D@std@@V?$allocator@D@2@@std@@V?$allocator@V?$basic_string@DU?$char_traits@D@std@@V?$allocator@D@2@@std@@@2@@std@@IAEXXZ 00409ed0 f i cInterface.obj
 0001:00008f20       ?_Freeptr@?$deque@V?$basic_string@DU?$char_traits@D@std@@V?$allocator@D@2@@std@@V?$allocator@V?$basic_string@DU?$char_traits@D@std@@V?$allocator@D@2@@std@@@2@@std@@IAEXPAPAV?$basic_string@DU?$char_traits@D@std@@V?$allocator@D@2@@2@@Z 00409f20 f i cInterface.obj
 0001:00008f70       ?_Getmap@?$deque@V?$basic_string@DU?$char_traits@D@std@@V?$allocator@D@2@@std@@V?$allocator@V?$basic_string@DU?$char_traits@D@std@@V?$allocator@D@2@@std@@@2@@std@@IAEXXZ 00409f70 f i cInterface.obj
 0001:00008fc0       ?_Growmap@?$deque@V?$basic_string@DU?$char_traits@D@std@@V?$allocator@D@2@@std@@V?$allocator@V?$basic_string@DU?$char_traits@D@std@@V?$allocator@D@2@@std@@@2@@std@@IAEPAPAV?$basic_string@DU?$char_traits@D@std@@V?$allocator@D@2@@2@I@Z 00409fc0 f i cInterface.obj
 0001:00009060       ?_Setptr@?$deque@V?$basic_string@DU?$char_traits@D@std@@V?$allocator@D@2@@std@@V?$allocator@V?$basic_string@DU?$char_traits@D@std@@V?$allocator@D@2@@std@@@2@@std@@IAEXPAPAV?$basic_string@DU?$char_traits@D@std@@V?$allocator@D@2@@2@PAV32@@Z 0040a060 f i cInterface.obj
 0001:00009090       ?allocate@?$allocator@V?$basic_string@DU?$char_traits@D@std@@V?$allocator@D@2@@std@@@std@@QAEPAV?$basic_string@DU?$char_traits@D@std@@V?$allocator@D@2@@2@IPBX@Z 0040a090 f i cInterface.obj
 0001:000090d0       ??0const_iterator@?$deque@V?$basic_string@DU?$char_traits@D@std@@V?$allocator@D@2@@std@@V?$allocator@V?$basic_string@DU?$char_traits@D@std@@V?$allocator@D@2@@std@@@2@@std@@QAE@XZ 0040a0d0 f i cInterface.obj
 0001:00009120       ??0iterator@?$deque@V?$basic_string@DU?$char_traits@D@std@@V?$allocator@D@2@@std@@V?$allocator@V?$basic_string@DU?$char_traits@D@std@@V?$allocator@D@2@@std@@@2@@std@@QAE@PAV?$basic_string@DU?$char_traits@D@std@@V?$allocator@D@2@@2@PAPAV32@@Z 0040a120 f i cInterface.obj
 0001:00009170       ??Yiterator@?$deque@V?$basic_string@DU?$char_traits@D@std@@V?$allocator@D@2@@std@@V?$allocator@V?$basic_string@DU?$char_traits@D@std@@V?$allocator@D@2@@std@@@2@@std@@QAEAAV012@H@Z 0040a170 f i cInterface.obj
 0001:000091b0       ??Giterator@?$deque@V?$basic_string@DU?$char_traits@D@std@@V?$allocator@D@2@@std@@V?$allocator@V?$basic_string@DU?$char_traits@D@std@@V?$allocator@D@2@@std@@@2@@std@@QBEHABV012@@Z 0040a1b0 f i cInterface.obj
 0001:00009240       ?_Freeback@?$deque@V?$basic_string@DU?$char_traits@D@std@@V?$allocator@D@2@@std@@V?$allocator@V?$basic_string@DU?$char_traits@D@std@@V?$allocator@D@2@@std@@@2@@std@@IAEXXZ 0040a240 f i cInterface.obj
 0001:00009350       ?_Charalloc@?$allocator@V?$basic_string@DU?$char_traits@D@std@@V?$allocator@D@2@@std@@@std@@QAEPADI@Z 0040a350 f i cInterface.obj
 0001:00009390       ?deallocate@?$allocator@V?$basic_string@DU?$char_traits@D@std@@V?$allocator@D@2@@std@@@std@@QAEXPAXI@Z 0040a390 f i cInterface.obj
 0001:000093d0       ??0const_iterator@?$deque@V?$basic_string@DU?$char_traits@D@std@@V?$allocator@D@2@@std@@V?$allocator@V?$basic_string@DU?$char_traits@D@std@@V?$allocator@D@2@@std@@@2@@std@@QAE@PAV?$basic_string@DU?$char_traits@D@std@@V?$allocator@D@2@@2@PAPAV32@@Z 0040a3d0 f i cInterface.obj
 0001:00009430       ?_Add@const_iterator@?$deque@V?$basic_string@DU?$char_traits@D@std@@V?$allocator@D@2@@std@@V?$allocator@V?$basic_string@DU?$char_traits@D@std@@V?$allocator@D@2@@std@@@2@@std@@IAEXH@Z 0040a430 f i cInterface.obj
 0001:00009500       ?use_facet@std@@YAABV?$ctype@D@1@ABVlocale@1@PBV21@_N@Z 0040a500 f i cInterface.obj
 0001:00009640       ??0bad_cast@std@@QAE@PBD@Z 0040a640 f i cInterface.obj
 0001:00009690       ??1bad_cast@std@@UAE@XZ    0040a690 f i cInterface.obj
 0001:000096d0       ?_Doraise@bad_cast@std@@MBEXXZ 0040a6d0 f i cInterface.obj
 0001:00009720       ??_Ebad_cast@std@@UAEPAXI@Z 0040a720 f i cInterface.obj
 0001:00009720       ??_Gbad_cast@std@@UAEPAXI@Z 0040a720 f i cInterface.obj
 0001:00009780       ??0bad_cast@std@@QAE@ABV01@@Z 0040a780 f i cInterface.obj
 0001:000097d0       ??Bid@locale@std@@QAEIXZ   0040a7d0 f i cInterface.obj
 0001:00009840       ??0?$ctype@D@std@@QAE@PBF_NI@Z 0040a840 f i cInterface.obj
 0001:00009960       ??0ctype_base@std@@QAE@I@Z 0040a960 f i cInterface.obj
 0001:000099b0       ??0facet@locale@std@@IAE@I@Z 0040a9b0 f i cInterface.obj
 0001:000099f0       ??_Efacet@locale@std@@UAEPAXI@Z 0040a9f0 f i cInterface.obj
 0001:000099f0       ??_Gfacet@locale@std@@UAEPAXI@Z 0040a9f0 f i cInterface.obj
 0001:00009a50       ??1facet@locale@std@@UAE@XZ 0040aa50 f i cInterface.obj
 0001:00009a80       ??_Ectype_base@std@@UAEPAXI@Z 0040aa80 f i cInterface.obj
 0001:00009a80       ??_Gctype_base@std@@UAEPAXI@Z 0040aa80 f i cInterface.obj
 0001:00009ae0       ??1ctype_base@std@@UAE@XZ  0040aae0 f i cInterface.obj
 0001:00009b20       ?_Init@?$ctype@D@std@@IAEXABV_Locinfo@2@@Z 0040ab20 f i cInterface.obj
 0001:00009bf0       ?_Getctype@_Locinfo@std@@QBE?AU_Ctypevec@@XZ 0040abf0 f i cInterface.obj
 0001:00009c60       ?_Term@?$ctype@D@std@@KAXXZ 0040ac60 f i cInterface.obj
 0001:00009ca0       ?do_tolower@?$ctype@D@std@@MBEDD@Z 0040aca0 f i cInterface.obj
 0001:00009cf0       ?do_tolower@?$ctype@D@std@@MBEPBDPADPBD@Z 0040acf0 f i cInterface.obj
 0001:00009d60       ?do_toupper@?$ctype@D@std@@MBEDD@Z 0040ad60 f i cInterface.obj
 0001:00009db0       ?do_toupper@?$ctype@D@std@@MBEPBDPADPBD@Z 0040adb0 f i cInterface.obj
 0001:00009e20       ??_E?$ctype@D@std@@UAEPAXI@Z 0040ae20 f i cInterface.obj
 0001:00009e20       ??_G?$ctype@D@std@@UAEPAXI@Z 0040ae20 f i cInterface.obj
 0001:00009e80       ??1?$ctype@D@std@@UAE@XZ   0040ae80 f i cInterface.obj
 0001:00009ee0       ??6std@@YAAAV?$basic_ostream@DU?$char_traits@D@std@@@0@AAV10@ABV?$basic_string@DU?$char_traits@D@std@@V?$allocator@D@2@@0@@Z 0040aee0 f i cInterface.obj
 0001:00009f30       ??6std@@YAAAV?$basic_ostream@DU?$char_traits@D@std@@@0@AAV10@PBD@Z 0040af30 f i cInterface.obj
 0001:0000a210       ?width@ios_base@std@@QBEHXZ 0040b210 f i cInterface.obj
 0001:0000a240       ?width@ios_base@std@@QAEHH@Z 0040b240 f i cInterface.obj
 0001:0000a280       ??6std@@YAAAV?$basic_ostream@DU?$char_traits@D@std@@@0@AAV10@D@Z 0040b280 f i cInterface.obj
 0001:0000a550       ?use_facet@std@@YAABV?$num_put@DV?$ostreambuf_iterator@DU?$char_traits@D@std@@@std@@@1@ABVlocale@1@PBV21@_N@Z 0040b550 f i cInterface.obj
 0001:0000a690       ?copy_backward@std@@YA?AViterator@?$deque@V?$basic_string@DU?$char_traits@D@std@@V?$allocator@D@2@@std@@V?$allocator@V?$basic_string@DU?$char_traits@D@std@@V?$allocator@D@2@@std@@@2@@1@V231@00@Z 0040b690 f i cInterface.obj
 0001:0000a720       ?copy@std@@YA?AViterator@?$deque@V?$basic_string@DU?$char_traits@D@std@@V?$allocator@D@2@@std@@V?$allocator@V?$basic_string@DU?$char_traits@D@std@@V?$allocator@D@2@@std@@@2@@1@V231@00@Z 0040b720 f i cInterface.obj
 0001:0000a7b0       ?_Construct@std@@YAXPAV?$basic_string@DU?$char_traits@D@std@@V?$allocator@D@2@@1@ABV21@@Z 0040b7b0 f i cInterface.obj
 0001:0000a840       ??0?$basic_string@DU?$char_traits@D@std@@V?$allocator@D@2@@std@@QAE@ABV01@@Z 0040b840 f i cInterface.obj
 0001:0000a8a0       ?_Destroy@std@@YAXPAV?$basic_string@DU?$char_traits@D@std@@V?$allocator@D@2@@1@@Z 0040b8a0 f i cInterface.obj
 0001:0000a8e0       ?copy@std@@YAPAPAV?$basic_string@DU?$char_traits@D@std@@V?$allocator@D@2@@1@PAPAV21@00@Z 0040b8e0 f i cInterface.obj
 0001:0000a930       ?_Allocate@std@@YAPAV?$basic_string@DU?$char_traits@D@std@@V?$allocator@D@2@@1@HPAV21@@Z 0040b930 f i cInterface.obj
 0001:0000a980       ??_G?$basic_string@DU?$char_traits@D@std@@V?$allocator@D@2@@std@@QAEPAXI@Z 0040b980 f i cInterface.obj
 0001:0000a9e0       ?sputn@?$basic_streambuf@DU?$char_traits@D@std@@@std@@QAEHPBDH@Z 0040b9e0 f i cInterface.obj
 0001:0000aa30       ??Eiterator@?$deque@V?$basic_string@DU?$char_traits@D@std@@V?$allocator@D@2@@std@@V?$allocator@V?$basic_string@DU?$char_traits@D@std@@V?$allocator@D@2@@std@@@2@@std@@QAEAAV012@XZ 0040ba30 f i cInterface.obj
 0001:0000aab0       ??Fiterator@?$deque@V?$basic_string@DU?$char_traits@D@std@@V?$allocator@D@2@@std@@V?$allocator@V?$basic_string@DU?$char_traits@D@std@@V?$allocator@D@2@@std@@@2@@std@@QAEAAV012@XZ 0040bab0 f i cInterface.obj
 0001:0000ab30       ??9iterator@?$deque@V?$basic_string@DU?$char_traits@D@std@@V?$allocator@D@2@@std@@V?$allocator@V?$basic_string@DU?$char_traits@D@std@@V?$allocator@D@2@@std@@@2@@std@@QBE_NABV012@@Z 0040bb30 f i cInterface.obj
 0001:0000ab80       ??0?$num_put@DV?$ostreambuf_iterator@DU?$char_traits@D@std@@@std@@@std@@QAE@I@Z 0040bb80 f i cInterface.obj
 0001:0000ac30       ?do_put@?$num_put@DV?$ostreambuf_iterator@DU?$char_traits@D@std@@@std@@@std@@MBE?AV?$ostreambuf_iterator@DU?$char_traits@D@std@@@2@V32@AAVios_base@2@D_N@Z 0040bc30 f i cInterface.obj
 0001:0000aea0       ?do_put@?$num_put@DV?$ostreambuf_iterator@DU?$char_traits@D@std@@@std@@@std@@MBE?AV?$ostreambuf_iterator@DU?$char_traits@D@std@@@2@V32@AAVios_base@2@DJ@Z 0040bea0 f i cInterface.obj
 0001:0000af40       ?do_put@?$num_put@DV?$ostreambuf_iterator@DU?$char_traits@D@std@@@std@@@std@@MBE?AV?$ostreambuf_iterator@DU?$char_traits@D@std@@@2@V32@AAVios_base@2@DK@Z 0040bf40 f i cInterface.obj
 0001:0000afe0       ?do_put@?$num_put@DV?$ostreambuf_iterator@DU?$char_traits@D@std@@@std@@@std@@MBE?AV?$ostreambuf_iterator@DU?$char_traits@D@std@@@2@V32@AAVios_base@2@DN@Z 0040bfe0 f i cInterface.obj
 0001:0000b0e0       ?precision@ios_base@std@@QBEHXZ 0040c0e0 f i cInterface.obj
 0001:0000b110       ?do_put@?$num_put@DV?$ostreambuf_iterator@DU?$char_traits@D@std@@@std@@@std@@MBE?AV?$ostreambuf_iterator@DU?$char_traits@D@std@@@2@V32@AAVios_base@2@DO@Z 0040c110 f i cInterface.obj
 0001:0000b210       ?do_put@?$num_put@DV?$ostreambuf_iterator@DU?$char_traits@D@std@@@std@@@std@@MBE?AV?$ostreambuf_iterator@DU?$char_traits@D@std@@@2@V32@AAVios_base@2@DPBX@Z 0040c210 f i cInterface.obj
 0001:0000b340       ??_E?$num_put@DV?$ostreambuf_iterator@DU?$char_traits@D@std@@@std@@@std@@UAEPAXI@Z 0040c340 f i cInterface.obj
 0001:0000b340       ??_G?$num_put@DV?$ostreambuf_iterator@DU?$char_traits@D@std@@@std@@@std@@UAEPAXI@Z 0040c340 f i cInterface.obj
 0001:0000b3a0       ??1?$num_put@DV?$ostreambuf_iterator@DU?$char_traits@D@std@@@std@@@std@@UAE@XZ 0040c3a0 f i cInterface.obj
 0001:0000b3e0       ?_Ffmt@?$num_put@DV?$ostreambuf_iterator@DU?$char_traits@D@std@@@std@@@std@@KAPADPADDH@Z 0040c3e0 f i cInterface.obj
 0001:0000b4d0       ?_Fput@?$num_put@DV?$ostreambuf_iterator@DU?$char_traits@D@std@@@std@@@std@@KA?AV?$ostreambuf_iterator@DU?$char_traits@D@std@@@2@V32@AAVios_base@2@DPBDII@Z 0040c4d0 f i cInterface.obj
 0001:0000b8b0       ?_Ifmt@?$num_put@DV?$ostreambuf_iterator@DU?$char_traits@D@std@@@std@@@std@@KAPADPADDH@Z 0040c8b0 f i cInterface.obj
 0001:0000b990       ?_Iput@?$num_put@DV?$ostreambuf_iterator@DU?$char_traits@D@std@@@std@@@std@@KA?AV?$ostreambuf_iterator@DU?$char_traits@D@std@@@2@V32@AAVios_base@2@DPADI@Z 0040c990 f i cInterface.obj
 0001:0000bd90       ?_Put@?$num_put@DV?$ostreambuf_iterator@DU?$char_traits@D@std@@@std@@@std@@KA?AV?$ostreambuf_iterator@DU?$char_traits@D@std@@@2@V32@PBDI@Z 0040cd90 f i cInterface.obj
 0001:0000be10       ?_Putc@?$num_put@DV?$ostreambuf_iterator@DU?$char_traits@D@std@@@std@@@std@@KA?AV?$ostreambuf_iterator@DU?$char_traits@D@std@@@2@V32@PBDI@Z 0040ce10 f i cInterface.obj
 0001:0000be90       ?_Rep@?$num_put@DV?$ostreambuf_iterator@DU?$char_traits@D@std@@@std@@@std@@KA?AV?$ostreambuf_iterator@DU?$char_traits@D@std@@@2@V32@DI@Z 0040ce90 f i cInterface.obj
 0001:0000bf00       ?falsename@?$numpunct@D@std@@QBE?AV?$basic_string@DU?$char_traits@D@std@@V?$allocator@D@2@@2@XZ 0040cf00 f i cInterface.obj
 0001:0000bf60       ?truename@?$numpunct@D@std@@QBE?AV?$basic_string@DU?$char_traits@D@std@@V?$allocator@D@2@@2@XZ 0040cf60 f i cInterface.obj
 0001:0000bfc0       ??4?$ostreambuf_iterator@DU?$char_traits@D@std@@@std@@QAEAAV01@D@Z 0040cfc0 f i cInterface.obj
 0001:0000c040       ??D?$ostreambuf_iterator@DU?$char_traits@D@std@@@std@@QAEAAV01@XZ 0040d040 f i cInterface.obj
 0001:0000c070       ??E?$ostreambuf_iterator@DU?$char_traits@D@std@@@std@@QAEAAV01@XZ 0040d070 f i cInterface.obj
 0001:0000c0a0       ?decimal_point@?$numpunct@D@std@@QBEDXZ 0040d0a0 f i cInterface.obj
 0001:0000c0f0       ?thousands_sep@?$numpunct@D@std@@QBEDXZ 0040d0f0 f i cInterface.obj
 0001:0000c140       ?grouping@?$numpunct@D@std@@QBE?AV?$basic_string@DU?$char_traits@D@std@@V?$allocator@D@2@@2@XZ 0040d140 f i cInterface.obj
 0001:0000c1a0       ?_Widen@std@@YADDPAD@Z     0040d1a0 f i cInterface.obj
 0001:0000c1d0       ?use_facet@std@@YAABV?$numpunct@D@1@ABVlocale@1@PBV21@_N@Z 0040d1d0 f i cInterface.obj
 0001:0000c310       ??0?$numpunct@D@std@@QAE@I@Z 0040d310 f i cInterface.obj
 0001:0000c3c0       ?do_decimal_point@?$numpunct@D@std@@MBEDXZ 0040d3c0 f i cInterface.obj
 0001:0000c3f0       ?do_thousands_sep@?$numpunct@D@std@@MBEDXZ 0040d3f0 f i cInterface.obj
 0001:0000c420       ?do_grouping@?$numpunct@D@std@@MBE?AV?$basic_string@DU?$char_traits@D@std@@V?$allocator@D@2@@2@XZ 0040d420 f i cInterface.obj
 0001:0000c480       ?do_falsename@?$numpunct@D@std@@MBE?AV?$basic_string@DU?$char_traits@D@std@@V?$allocator@D@2@@2@XZ 0040d480 f i cInterface.obj
 0001:0000c4e0       ?do_truename@?$numpunct@D@std@@MBE?AV?$basic_string@DU?$char_traits@D@std@@V?$allocator@D@2@@2@XZ 0040d4e0 f i cInterface.obj
 0001:0000c540       ??_G?$numpunct@D@std@@UAEPAXI@Z 0040d540 f i cInterface.obj
 0001:0000c540       ??_E?$numpunct@D@std@@UAEPAXI@Z 0040d540 f i cInterface.obj
 0001:0000c5a0       ??1?$numpunct@D@std@@UAE@XZ 0040d5a0 f i cInterface.obj
 0001:0000c620       ??0?$basic_string@DU?$char_traits@D@std@@V?$allocator@D@2@@std@@QAE@PBDABV?$allocator@D@1@@Z 0040d620 f i cInterface.obj
 0001:0000c680       ?_Save@?$_Tidyfac@V?$ctype@D@std@@@std@@SAPAV?$ctype@D@2@PAV32@@Z 0040d680 f i cInterface.obj
 0001:0000c710       ?_Save@?$_Tidyfac@V?$num_put@DV?$ostreambuf_iterator@DU?$char_traits@D@std@@@std@@@std@@@std@@SAPAV?$num_put@DV?$ostreambuf_iterator@DU?$char_traits@D@std@@@std@@@2@PAV32@@Z 0040d710 f i cInterface.obj
 0001:0000c7a0       ?_Save@?$_Tidyfac@V?$numpunct@D@std@@@std@@SAPAV?$numpunct@D@2@PAV32@@Z 0040d7a0 f i cInterface.obj
 0001:0000c830       ??8iterator@?$deque@V?$basic_string@DU?$char_traits@D@std@@V?$allocator@D@2@@std@@V?$allocator@V?$basic_string@DU?$char_traits@D@std@@V?$allocator@D@2@@std@@@2@@std@@QBE_NABV012@@Z 0040d830 f i cInterface.obj
 0001:0000c870       ?_Init@?$num_put@DV?$ostreambuf_iterator@DU?$char_traits@D@std@@@std@@@std@@IAEXABV_Locinfo@2@@Z 0040d870 f i cInterface.obj
 0001:0000c8a0       ?_Init@?$numpunct@D@std@@IAEXABV_Locinfo@2@@Z 0040d8a0 f i cInterface.obj
 0001:0000c960       ?_Getlconv@_Locinfo@std@@QBEPBUlconv@@XZ 0040d960 f i cInterface.obj
 0001:0000c9a0       ?_Getfalse@_Locinfo@std@@QBEPBDXZ 0040d9a0 f i cInterface.obj
 0001:0000c9d0       ?_Gettrue@_Locinfo@std@@QBEPBDXZ 0040d9d0 f i cInterface.obj
 0001:0000ca00       ?_Tidy@?$_Tidyfac@V?$ctype@D@std@@@std@@SAXXZ 0040da00 f i cInterface.obj
 0001:0000cab0       ?_Tidy@?$_Tidyfac@V?$num_put@DV?$ostreambuf_iterator@DU?$char_traits@D@std@@@std@@@std@@@std@@SAXXZ 0040dab0 f i cInterface.obj
 0001:0000cb60       ?_Tidy@?$_Tidyfac@V?$numpunct@D@std@@@std@@SAXXZ 0040db60 f i cInterface.obj
 0001:0000cc10       ?_Maklocstr@std@@YAPADPBDPAD@Z 0040dc10 f i cInterface.obj
 0001:0000cd40       ?id@?$num_put@DV?$ostreambuf_iterator@DU?$char_traits@D@std@@@$D 0040dd40 f i cInterface.obj
 0001:0000cdc0       ?id@?$numpunct@D@std@@$D   0040ddc0 f i cInterface.obj
 0001:0000ce40       ?id@?$numpunct@D@std@@$E   0040de40 f i cInterface.obj
 0001:0000ce60       ?id@?$num_put@DV?$ostreambuf_iterator@DU?$char_traits@D@std@@@$E 0040de60 f i cInterface.obj
 0001:0000cf00       ?toUpper@cPARSE@@AAEXViterator@?$_Tree@V?$basic_string@DU?$char_traits@D@std@@V?$allocator@D@2@@std@@U?$pair@$$CBV?$basic_string@DU?$char_traits@D@std@@V?$allocator@D@2@@std@@H@2@U_Kfn@?$map@V?$basic_string@DU?$char_traits@D@std@@V?$allocator@D@2@@std@@HU?$less@V?$basic_string@DU?$char_traits@D@std@@V?$allocator@D@2@@std@@@2@V?$allocator@H@2@@2@U?$less@V?$basic_string@DU?$char_traits@D@std@@V?$allocator@D@2@@std@@@2@V?$allocator@H@2@@std@@@Z 0040df00 f   cPARSE.obj
 0001:0000d020       ??1?$pair@$$CBV?$basic_string@DU?$char_traits@D@std@@V?$allocator@D@2@@std@@H@std@@QAE@XZ 0040e020 f i cPARSE.obj
 0001:0000d060       ??0cPARSE@@QAE@XZ          0040e060 f   cPARSE.obj
 0001:0000d380       ?insert@cPARSE@@AAEXPADH@Z 0040e380 f i cPARSE.obj
 0001:0000d440       ??1?$map@V?$basic_string@DU?$char_traits@D@std@@V?$allocator@D@2@@std@@HU?$less@V?$basic_string@DU?$char_traits@D@std@@V?$allocator@D@2@@std@@@2@V?$allocator@H@2@@std@@QAE@XZ 0040e440 f i cPARSE.obj
 0001:0000d480       ??1cPARSE@@QAE@XZ          0040e480 f   cPARSE.obj
 0001:0000d4f0       ?search@cPARSE@@QAEHAAV?$basic_string@DU?$char_traits@D@std@@V?$allocator@D@2@@std@@@Z 0040e4f0 f   cPARSE.obj
 0001:0000d5c0       ??0?$map@V?$basic_string@DU?$char_traits@D@std@@V?$allocator@D@2@@std@@HU?$less@V?$basic_string@DU?$char_traits@D@std@@V?$allocator@D@2@@std@@@2@V?$allocator@H@2@@std@@QAE@ABU?$less@V?$basic_string@DU?$char_traits@D@std@@V?$allocator@D@2@@std@@@1@ABV?$allocator@H@1@@Z 0040e5c0 f i cPARSE.obj
 0001:0000d610       ?begin@?$map@V?$basic_string@DU?$char_traits@D@std@@V?$allocator@D@2@@std@@HU?$less@V?$basic_string@DU?$char_traits@D@std@@V?$allocator@D@2@@std@@@2@V?$allocator@H@2@@std@@QAE?AViterator@?$_Tree@V?$basic_string@DU?$char_traits@D@std@@V?$allocator@D@2@@std@@U?$pair@$$CBV?$basic_string@DU?$char_traits@D@std@@V?$allocator@D@2@@std@@H@2@U_Kfn@?$map@V?$basic_string@DU?$char_traits@D@std@@V?$allocator@D@2@@std@@HU?$less@V?$basic_string@DU?$char_traits@D@std@@V?$allocator@D@2@@std@@@2@V?$allocator@H@2@@2@U?$less@V?$basic_string@DU?$char_traits@D@std@@V?$allocator@D@2@@std@@@2@V?$allocator@H@2@@2@XZ 0040e610 f i cPARSE.obj
 0001:0000d660       ?end@?$map@V?$basic_string@DU?$char_traits@D@std@@V?$allocator@D@2@@std@@HU?$less@V?$basic_string@DU?$char_traits@D@std@@V?$allocator@D@2@@std@@@2@V?$allocator@H@2@@std@@QAE?AViterator@?$_Tree@V?$basic_string@DU?$char_traits@D@std@@V?$allocator@D@2@@std@@U?$pair@$$CBV?$basic_string@DU?$char_traits@D@std@@V?$allocator@D@2@@std@@H@2@U_Kfn@?$map@V?$basic_string@DU?$char_traits@D@std@@V?$allocator@D@2@@std@@HU?$less@V?$basic_string@DU?$char_traits@D@std@@V?$allocator@D@2@@std@@@2@V?$allocator@H@2@@2@U?$less@V?$basic_string@DU?$char_traits@D@std@@V?$allocator@D@2@@std@@@2@V?$allocator@H@2@@2@XZ 0040e660 f i cPARSE.obj
 0001:0000d6b0       ?insert@?$map@V?$basic_string@DU?$char_traits@D@std@@V?$allocator@D@2@@std@@HU?$less@V?$basic_string@DU?$char_traits@D@std@@V?$allocator@D@2@@std@@@2@V?$allocator@H@2@@std@@QAE?AU?$pair@Viterator@?$_Tree@V?$basic_string@DU?$char_traits@D@std@@V?$allocator@D@2@@std@@U?$pair@$$CBV?$basic_string@DU?$char_traits@D@std@@V?$allocator@D@2@@std@@H@2@U_Kfn@?$map@V?$basic_string@DU?$char_traits@D@std@@V?$allocator@D@2@@std@@HU?$less@V?$basic_string@DU?$char_traits@D@std@@V?$allocator@D@2@@std@@@2@V?$allocator@H@2@@2@U?$less@V?$basic_string@DU?$char_traits@D@std@@V?$allocator@D@2@@std@@@2@V?$allocator@H@2@@std@@_N@2@ABU?$pair@$$CBV?$basic_string@DU?$char_traits@D@std@@V?$allocator@D@2@@std@@H@2@@Z 0040e6b0 f i cPARSE.obj
 0001:0000d720       ?clear@?$map@V?$basic_string@DU?$char_traits@D@std@@V?$allocator@D@2@@std@@HU?$less@V?$basic_string@DU?$char_traits@D@std@@V?$allocator@D@2@@std@@@2@V?$allocator@H@2@@std@@QAEXXZ 0040e720 f i cPARSE.obj
 0001:0000d760       ?find@?$map@V?$basic_string@DU?$char_traits@D@std@@V?$allocator@D@2@@std@@HU?$less@V?$basic_string@DU?$char_traits@D@std@@V?$allocator@D@2@@std@@@2@V?$allocator@H@2@@std@@QAE?AViterator@?$_Tree@V?$basic_string@DU?$char_traits@D@std@@V?$allocator@D@2@@std@@U?$pair@$$CBV?$basic_string@DU?$char_traits@D@std@@V?$allocator@D@2@@std@@H@2@U_Kfn@?$map@V?$basic_string@DU?$char_traits@D@std@@V?$allocator@D@2@@std@@HU?$less@V?$basic_string@DU?$char_traits@D@std@@V?$allocator@D@2@@std@@@2@V?$allocator@H@2@@2@U?$less@V?$basic_string@DU?$char_traits@D@std@@V?$allocator@D@2@@std@@@2@V?$allocator@H@2@@2@ABV?$basic_string@DU?$char_traits@D@std@@V?$allocator@D@2@@2@@Z 0040e760 f i cPARSE.obj
 0001:0000d7b0       ??1?$_Tree@V?$basic_string@DU?$char_traits@D@std@@V?$allocator@D@2@@std@@U?$pair@$$CBV?$basic_string@DU?$char_traits@D@std@@V?$allocator@D@2@@std@@H@2@U_Kfn@?$map@V?$basic_string@DU?$char_traits@D@std@@V?$allocator@D@2@@std@@HU?$less@V?$basic_string@DU?$char_traits@D@std@@V?$allocator@D@2@@std@@@2@V?$allocator@H@2@@2@U?$less@V?$basic_string@DU?$char_traits@D@std@@V?$allocator@D@2@@std@@@2@V?$allocator@H@2@@std@@QAE@XZ 0040e7b0 f i cPARSE.obj
 0001:0000d8a0       ??0?$pair@$$CBV?$basic_string@DU?$char_traits@D@std@@V?$allocator@D@2@@std@@H@std@@QAE@ABV?$basic_string@DU?$char_traits@D@std@@V?$allocator@D@2@@1@ABH@Z 0040e8a0 f i cPARSE.obj
 0001:0000d8f0       ??Citerator@?$_Tree@V?$basic_string@DU?$char_traits@D@std@@V?$allocator@D@2@@std@@U?$pair@$$CBV?$basic_string@DU?$char_traits@D@std@@V?$allocator@D@2@@std@@H@2@U_Kfn@?$map@V?$basic_string@DU?$char_traits@D@std@@V?$allocator@D@2@@std@@HU?$less@V?$basic_string@DU?$char_traits@D@std@@V?$allocator@D@2@@std@@@2@V?$allocator@H@2@@2@U?$less@V?$basic_string@DU?$char_traits@D@std@@V?$allocator@D@2@@std@@@2@V?$allocator@H@2@@std@@QBEPAU?$pair@$$CBV?$basic_string@DU?$char_traits@D@std@@V?$allocator@D@2@@std@@H@2@XZ 0040e8f0 f i cPARSE.obj
 0001:0000d930       ??Eiterator@?$_Tree@V?$basic_string@DU?$char_traits@D@std@@V?$allocator@D@2@@std@@U?$pair@$$CBV?$basic_string@DU?$char_traits@D@std@@V?$allocator@D@2@@std@@H@2@U_Kfn@?$map@V?$basic_string@DU?$char_traits@D@std@@V?$allocator@D@2@@std@@HU?$less@V?$basic_string@DU?$char_traits@D@std@@V?$allocator@D@2@@std@@@2@V?$allocator@H@2@@2@U?$less@V?$basic_string@DU?$char_traits@D@std@@V?$allocator@D@2@@std@@@2@V?$allocator@H@2@@std@@QAE?AV012@H@Z 0040e930 f i cPARSE.obj
 0001:0000d980       ??9iterator@?$_Tree@V?$basic_string@DU?$char_traits@D@std@@V?$allocator@D@2@@std@@U?$pair@$$CBV?$basic_string@DU?$char_traits@D@std@@V?$allocator@D@2@@std@@H@2@U_Kfn@?$map@V?$basic_string@DU?$char_traits@D@std@@V?$allocator@D@2@@std@@HU?$less@V?$basic_string@DU?$char_traits@D@std@@V?$allocator@D@2@@std@@@2@V?$allocator@H@2@@2@U?$less@V?$basic_string@DU?$char_traits@D@std@@V?$allocator@D@2@@std@@@2@V?$allocator@H@2@@std@@QBE_NABV012@@Z 0040e980 f i cPARSE.obj
 0001:0000d9d0       ??0?$_Tree@V?$basic_string@DU?$char_traits@D@std@@V?$allocator@D@2@@std@@U?$pair@$$CBV?$basic_string@DU?$char_traits@D@std@@V?$allocator@D@2@@std@@H@2@U_Kfn@?$map@V?$basic_string@DU?$char_traits@D@std@@V?$allocator@D@2@@std@@HU?$less@V?$basic_string@DU?$char_traits@D@std@@V?$allocator@D@2@@std@@@2@V?$allocator@H@2@@2@U?$less@V?$basic_string@DU?$char_traits@D@std@@V?$allocator@D@2@@std@@@2@V?$allocator@H@2@@std@@QAE@ABU?$less@V?$basic_string@DU?$char_traits@D@std@@V?$allocator@D@2@@std@@@1@_NABV?$allocator@H@1@@Z 0040e9d0 f i cPARSE.obj
 0001:0000da30       ?begin@?$_Tree@V?$basic_string@DU?$char_traits@D@std@@V?$allocator@D@2@@std@@U?$pair@$$CBV?$basic_string@DU?$char_traits@D@std@@V?$allocator@D@2@@std@@H@2@U_Kfn@?$map@V?$basic_string@DU?$char_traits@D@std@@V?$allocator@D@2@@std@@HU?$less@V?$basic_string@DU?$char_traits@D@std@@V?$allocator@D@2@@std@@@2@V?$allocator@H@2@@2@U?$less@V?$basic_string@DU?$char_traits@D@std@@V?$allocator@D@2@@std@@@2@V?$allocator@H@2@@std@@QAE?AViterator@12@XZ 0040ea30 f i cPARSE.obj
 0001:0000da80       ?end@?$_Tree@V?$basic_string@DU?$char_traits@D@std@@V?$allocator@D@2@@std@@U?$pair@$$CBV?$basic_string@DU?$char_traits@D@std@@V?$allocator@D@2@@std@@H@2@U_Kfn@?$map@V?$basic_string@DU?$char_traits@D@std@@V?$allocator@D@2@@std@@HU?$less@V?$basic_string@DU?$char_traits@D@std@@V?$allocator@D@2@@std@@@2@V?$allocator@H@2@@2@U?$less@V?$basic_string@DU?$char_traits@D@std@@V?$allocator@D@2@@std@@@2@V?$allocator@H@2@@std@@QAE?AViterator@12@XZ 0040ea80 f i cPARSE.obj
 0001:0000dad0       ?insert@?$_Tree@V?$basic_string@DU?$char_traits@D@std@@V?$allocator@D@2@@std@@U?$pair@$$CBV?$basic_string@DU?$char_traits@D@std@@V?$allocator@D@2@@std@@H@2@U_Kfn@?$map@V?$basic_string@DU?$char_traits@D@std@@V?$allocator@D@2@@std@@HU?$less@V?$basic_string@DU?$char_traits@D@std@@V?$allocator@D@2@@std@@@2@V?$allocator@H@2@@2@U?$less@V?$basic_string@DU?$char_traits@D@std@@V?$allocator@D@2@@std@@@2@V?$allocator@H@2@@std@@QAE?AU?$pair@Viterator@?$_Tree@V?$basic_string@DU?$char_traits@D@std@@V?$allocator@D@2@@std@@U?$pair@$$CBV?$basic_string@DU?$char_traits@D@std@@V?$allocator@D@2@@std@@H@2@U_Kfn@?$map@V?$basic_string@DU?$char_traits@D@std@@V?$allocator@D@2@@std@@HU?$less@V?$basic_string@DU?$char_traits@D@std@@V?$allocator@D@2@@std@@@2@V?$allocator@H@2@@2@U?$less@V?$basic_string@DU?$char_traits@D@std@@V?$allocator@D@2@@std@@@2@V?$allocator@H@2@@std@@_N@2@ABU?$pair@$$CBV?$basic_string@DU?$char_traits@D@std@@V?$allocator@D@2@@std@@H@2@@Z 0040ead0 f i cPARSE.obj
 0001:0000dd40       ?erase@?$_Tree@V?$basic_string@DU?$char_traits@D@std@@V?$allocator@D@2@@std@@U?$pair@$$CBV?$basic_string@DU?$char_traits@D@std@@V?$allocator@D@2@@std@@H@2@U_Kfn@?$map@V?$basic_string@DU?$char_traits@D@std@@V?$allocator@D@2@@std@@HU?$less@V?$basic_string@DU?$char_traits@D@std@@V?$allocator@D@2@@std@@@2@V?$allocator@H@2@@2@U?$less@V?$basic_string@DU?$char_traits@D@std@@V?$allocator@D@2@@std@@@2@V?$allocator@H@2@@std@@QAE?AViterator@12@V312@0@Z 0040ed40 f i cPARSE.obj
 0001:0000dea0       ?clear@?$_Tree@V?$basic_string@DU?$char_traits@D@std@@V?$allocator@D@2@@std@@U?$pair@$$CBV?$basic_string@DU?$char_traits@D@std@@V?$allocator@D@2@@std@@H@2@U_Kfn@?$map@V?$basic_string@DU?$char_traits@D@std@@V?$allocator@D@2@@std@@HU?$less@V?$basic_string@DU?$char_traits@D@std@@V?$allocator@D@2@@std@@@2@V?$allocator@H@2@@2@U?$less@V?$basic_string@DU?$char_traits@D@std@@V?$allocator@D@2@@std@@@2@V?$allocator@H@2@@std@@QAEXXZ 0040eea0 f i cPARSE.obj
 0001:0000df00       ?find@?$_Tree@V?$basic_string@DU?$char_traits@D@std@@V?$allocator@D@2@@std@@U?$pair@$$CBV?$basic_string@DU?$char_traits@D@std@@V?$allocator@D@2@@std@@H@2@U_Kfn@?$map@V?$basic_string@DU?$char_traits@D@std@@V?$allocator@D@2@@std@@HU?$less@V?$basic_string@DU?$char_traits@D@std@@V?$allocator@D@2@@std@@@2@V?$allocator@H@2@@2@U?$less@V?$basic_string@DU?$char_traits@D@std@@V?$allocator@D@2@@std@@@2@V?$allocator@H@2@@std@@QAE?AViterator@12@ABV?$basic_string@DU?$char_traits@D@std@@V?$allocator@D@2@@2@@Z 0040ef00 f i cPARSE.obj
 0001:0000dfc0       ?_Freenode@?$_Tree@V?$basic_string@DU?$char_traits@D@std@@V?$allocator@D@2@@std@@U?$pair@$$CBV?$basic_string@DU?$char_traits@D@std@@V?$allocator@D@2@@std@@H@2@U_Kfn@?$map@V?$basic_string@DU?$char_traits@D@std@@V?$allocator@D@2@@std@@HU?$less@V?$basic_string@DU?$char_traits@D@std@@V?$allocator@D@2@@std@@@2@V?$allocator@H@2@@2@U?$less@V?$basic_string@DU?$char_traits@D@std@@V?$allocator@D@2@@std@@@2@V?$allocator@H@2@@std@@IAEXPAU_Node@12@@Z 0040efc0 f i cPARSE.obj
 0001:0000e000       ??Diterator@?$_Tree@V?$basic_string@DU?$char_traits@D@std@@V?$allocator@D@2@@std@@U?$pair@$$CBV?$basic_string@DU?$char_traits@D@std@@V?$allocator@D@2@@std@@H@2@U_Kfn@?$map@V?$basic_string@DU?$char_traits@D@std@@V?$allocator@D@2@@std@@HU?$less@V?$basic_string@DU?$char_traits@D@std@@V?$allocator@D@2@@std@@@2@V?$allocator@H@2@@2@U?$less@V?$basic_string@DU?$char_traits@D@std@@V?$allocator@D@2@@std@@@2@V?$allocator@H@2@@std@@QBEAAU?$pair@$$CBV?$basic_string@DU?$char_traits@D@std@@V?$allocator@D@2@@std@@H@2@XZ 0040f000 f i cPARSE.obj
 0001:0000e040       ??Eiterator@?$_Tree@V?$basic_string@DU?$char_traits@D@std@@V?$allocator@D@2@@std@@U?$pair@$$CBV?$basic_string@DU?$char_traits@D@std@@V?$allocator@D@2@@std@@H@2@U_Kfn@?$map@V?$basic_string@DU?$char_traits@D@std@@V?$allocator@D@2@@std@@HU?$less@V?$basic_string@DU?$char_traits@D@std@@V?$allocator@D@2@@std@@@2@V?$allocator@H@2@@2@U?$less@V?$basic_string@DU?$char_traits@D@std@@V?$allocator@D@2@@std@@@2@V?$allocator@H@2@@std@@QAEAAV012@XZ 0040f040 f i cPARSE.obj
 0001:0000e080       ??8iterator@?$_Tree@V?$basic_string@DU?$char_traits@D@std@@V?$allocator@D@2@@std@@U?$pair@$$CBV?$basic_string@DU?$char_traits@D@std@@V?$allocator@D@2@@std@@H@2@U_Kfn@?$map@V?$basic_string@DU?$char_traits@D@std@@V?$allocator@D@2@@std@@HU?$less@V?$basic_string@DU?$char_traits@D@std@@V?$allocator@D@2@@std@@@2@V?$allocator@H@2@@2@U?$less@V?$basic_string@DU?$char_traits@D@std@@V?$allocator@D@2@@std@@@2@V?$allocator@H@2@@std@@QBE_NABV012@@Z 0040f080 f i cPARSE.obj
 0001:0000e0c0       ??0?$pair@Viterator@?$_Tree@V?$basic_string@DU?$char_traits@D@std@@V?$allocator@D@2@@std@@U?$pair@$$CBV?$basic_string@DU?$char_traits@D@std@@V?$allocator@D@2@@std@@H@2@U_Kfn@?$map@V?$basic_string@DU?$char_traits@D@std@@V?$allocator@D@2@@std@@HU?$less@V?$basic_string@DU?$char_traits@D@std@@V?$allocator@D@2@@std@@@2@V?$allocator@H@2@@2@U?$less@V?$basic_string@DU?$char_traits@D@std@@V?$allocator@D@2@@std@@@2@V?$allocator@H@2@@std@@_N@std@@QAE@ABViterator@?$_Tree@V?$basic_string@DU?$char_traits@D@std@@V?$allocator@D@2@@std@@U?$pair@$$CBV?$basic_string@DU?$char_traits@D@std@@V?$allocator@D@2@@std@@H@2@U_Kfn@?$map@V?$basic_string@DU?$char_traits@D@std@@V?$allocator@D@2@@std@@HU?$less@V?$basic_string@DU?$char_traits@D@std@@V?$allocator@D@2@@std@@@2@V?$allocator@H@2@@2@U?$less@V?$basic_string@DU?$char_traits@D@std@@V?$allocator@D@2@@std@@@2@V?$allocator@H@2@@1@AB_N@Z 0040f0c0 f i cPARSE.obj
 0001:0000e100       ??R_Kfn@?$map@V?$basic_string@DU?$char_traits@D@std@@V?$allocator@D@2@@std@@HU?$less@V?$basic_string@DU?$char_traits@D@std@@V?$allocator@D@2@@std@@@2@V?$allocator@H@2@@std@@QBEABV?$basic_string@DU?$char_traits@D@std@@V?$allocator@D@2@@2@ABU?$pair@$$CBV?$basic_string@DU?$char_traits@D@std@@V?$allocator@D@2@@std@@H@2@@Z 0040f100 f i cPARSE.obj
 0001:0000e130       ??R?$less@V?$basic_string@DU?$char_traits@D@std@@V?$allocator@D@2@@std@@@std@@QBE_NABV?$basic_string@DU?$char_traits@D@std@@V?$allocator@D@2@@1@0@Z 0040f130 f i cPARSE.obj
 0001:0000e170       ?deallocate@?$allocator@H@std@@QAEXPAXI@Z 0040f170 f i cPARSE.obj
 0001:0000e1b0       ?_Key@?$_Tree@V?$basic_string@DU?$char_traits@D@std@@V?$allocator@D@2@@std@@U?$pair@$$CBV?$basic_string@DU?$char_traits@D@std@@V?$allocator@D@2@@std@@H@2@U_Kfn@?$map@V?$basic_string@DU?$char_traits@D@std@@V?$allocator@D@2@@std@@HU?$less@V?$basic_string@DU?$char_traits@D@std@@V?$allocator@D@2@@std@@@2@V?$allocator@H@2@@2@U?$less@V?$basic_string@DU?$char_traits@D@std@@V?$allocator@D@2@@std@@@2@V?$allocator@H@2@@std@@KAABV?$basic_string@DU?$char_traits@D@std@@V?$allocator@D@2@@2@PAU_Node@12@@Z 0040f1b0 f i cPARSE.obj
 0001:0000e1f0       ?_Left@?$_Tree@V?$basic_string@DU?$char_traits@D@std@@V?$allocator@D@2@@std@@U?$pair@$$CBV?$basic_string@DU?$char_traits@D@std@@V?$allocator@D@2@@std@@H@2@U_Kfn@?$map@V?$basic_string@DU?$char_traits@D@std@@V?$allocator@D@2@@std@@HU?$less@V?$basic_string@DU?$char_traits@D@std@@V?$allocator@D@2@@std@@@2@V?$allocator@H@2@@2@U?$less@V?$basic_string@DU?$char_traits@D@std@@V?$allocator@D@2@@std@@@2@V?$allocator@H@2@@std@@KAAAPAU_Node@12@PAU312@@Z 0040f1f0 f i cPARSE.obj
 0001:0000e220       ?_Right@?$_Tree@V?$basic_string@DU?$char_traits@D@std@@V?$allocator@D@2@@std@@U?$pair@$$CBV?$basic_string@DU?$char_traits@D@std@@V?$allocator@D@2@@std@@H@2@U_Kfn@?$map@V?$basic_string@DU?$char_traits@D@std@@V?$allocator@D@2@@std@@HU?$less@V?$basic_string@DU?$char_traits@D@std@@V?$allocator@D@2@@std@@@2@V?$allocator@H@2@@2@U?$less@V?$basic_string@DU?$char_traits@D@std@@V?$allocator@D@2@@std@@@2@V?$allocator@H@2@@std@@KAAAPAU_Node@12@PAU312@@Z 0040f220 f i cPARSE.obj
 0001:0000e250       ?_Value@?$_Tree@V?$basic_string@DU?$char_traits@D@std@@V?$allocator@D@2@@std@@U?$pair@$$CBV?$basic_string@DU?$char_traits@D@std@@V?$allocator@D@2@@std@@H@2@U_Kfn@?$map@V?$basic_string@DU?$char_traits@D@std@@V?$allocator@D@2@@std@@HU?$less@V?$basic_string@DU?$char_traits@D@std@@V?$allocator@D@2@@std@@@2@V?$allocator@H@2@@2@U?$less@V?$basic_string@DU?$char_traits@D@std@@V?$allocator@D@2@@std@@@2@V?$allocator@H@2@@std@@KAAAU?$pair@$$CBV?$basic_string@DU?$char_traits@D@std@@V?$allocator@D@2@@std@@H@2@PAU_Node@12@@Z 0040f250 f i cPARSE.obj
 0001:0000e280       ?size@?$_Tree@V?$basic_string@DU?$char_traits@D@std@@V?$allocator@D@2@@std@@U?$pair@$$CBV?$basic_string@DU?$char_traits@D@std@@V?$allocator@D@2@@std@@H@2@U_Kfn@?$map@V?$basic_string@DU?$char_traits@D@std@@V?$allocator@D@2@@std@@HU?$less@V?$basic_string@DU?$char_traits@D@std@@V?$allocator@D@2@@std@@@2@V?$allocator@H@2@@2@U?$less@V?$basic_string@DU?$char_traits@D@std@@V?$allocator@D@2@@std@@@2@V?$allocator@H@2@@std@@QBEIXZ 0040f280 f i cPARSE.obj
 0001:0000e2b0       ?erase@?$_Tree@V?$basic_string@DU?$char_traits@D@std@@V?$allocator@D@2@@std@@U?$pair@$$CBV?$basic_string@DU?$char_traits@D@std@@V?$allocator@D@2@@std@@H@2@U_Kfn@?$map@V?$basic_string@DU?$char_traits@D@std@@V?$allocator@D@2@@std@@HU?$less@V?$basic_string@DU?$char_traits@D@std@@V?$allocator@D@2@@std@@@2@V?$allocator@H@2@@2@U?$less@V?$basic_string@DU?$char_traits@D@std@@V?$allocator@D@2@@std@@@2@V?$allocator@H@2@@std@@QAE?AViterator@12@V312@@Z 0040f2b0 f i cPARSE.obj
 0001:0000eb20       ?lower_bound@?$_Tree@V?$basic_string@DU?$char_traits@D@std@@V?$allocator@D@2@@std@@U?$pair@$$CBV?$basic_string@DU?$char_traits@D@std@@V?$allocator@D@2@@std@@H@2@U_Kfn@?$map@V?$basic_string@DU?$char_traits@D@std@@V?$allocator@D@2@@std@@HU?$less@V?$basic_string@DU?$char_traits@D@std@@V?$allocator@D@2@@std@@@2@V?$allocator@H@2@@2@U?$less@V?$basic_string@DU?$char_traits@D@std@@V?$allocator@D@2@@std@@@2@V?$allocator@H@2@@std@@QAE?AViterator@12@ABV?$basic_string@DU?$char_traits@D@std@@V?$allocator@D@2@@2@@Z 0040fb20 f i cPARSE.obj
 0001:0000eb70       ?_Erase@?$_Tree@V?$basic_string@DU?$char_traits@D@std@@V?$allocator@D@2@@std@@U?$pair@$$CBV?$basic_string@DU?$char_traits@D@std@@V?$allocator@D@2@@std@@H@2@U_Kfn@?$map@V?$basic_string@DU?$char_traits@D@std@@V?$allocator@D@2@@std@@HU?$less@V?$basic_string@DU?$char_traits@D@std@@V?$allocator@D@2@@std@@@2@V?$allocator@H@2@@2@U?$less@V?$basic_string@DU?$char_traits@D@std@@V?$allocator@D@2@@std@@@2@V?$allocator@H@2@@std@@IAEXPAU_Node@12@@Z 0040fb70 f i cPARSE.obj
 0001:0000ec50       ?_Init@?$_Tree@V?$basic_string@DU?$char_traits@D@std@@V?$allocator@D@2@@std@@U?$pair@$$CBV?$basic_string@DU?$char_traits@D@std@@V?$allocator@D@2@@std@@H@2@U_Kfn@?$map@V?$basic_string@DU?$char_traits@D@std@@V?$allocator@D@2@@std@@HU?$less@V?$basic_string@DU?$char_traits@D@std@@V?$allocator@D@2@@std@@@2@V?$allocator@H@2@@2@U?$less@V?$basic_string@DU?$char_traits@D@std@@V?$allocator@D@2@@std@@@2@V?$allocator@H@2@@std@@IAEXXZ 0040fc50 f i cPARSE.obj
 0001:0000ed50       ?_Insert@?$_Tree@V?$basic_string@DU?$char_traits@D@std@@V?$allocator@D@2@@std@@U?$pair@$$CBV?$basic_string@DU?$char_traits@D@std@@V?$allocator@D@2@@std@@H@2@U_Kfn@?$map@V?$basic_string@DU?$char_traits@D@std@@V?$allocator@D@2@@std@@HU?$less@V?$basic_string@DU?$char_traits@D@std@@V?$allocator@D@2@@std@@@2@V?$allocator@H@2@@2@U?$less@V?$basic_string@DU?$char_traits@D@std@@V?$allocator@D@2@@std@@@2@V?$allocator@H@2@@std@@IAE?AViterator@12@PAU_Node@12@0ABU?$pair@$$CBV?$basic_string@DU?$char_traits@D@std@@V?$allocator@D@2@@std@@H@2@@Z 0040fd50 f i cPARSE.obj
 0001:0000f240       ?_Lmost@?$_Tree@V?$basic_string@DU?$char_traits@D@std@@V?$allocator@D@2@@std@@U?$pair@$$CBV?$basic_string@DU?$char_traits@D@std@@V?$allocator@D@2@@std@@H@2@U_Kfn@?$map@V?$basic_string@DU?$char_traits@D@std@@V?$allocator@D@2@@std@@HU?$less@V?$basic_string@DU?$char_traits@D@std@@V?$allocator@D@2@@std@@@2@V?$allocator@H@2@@2@U?$less@V?$basic_string@DU?$char_traits@D@std@@V?$allocator@D@2@@std@@@2@V?$allocator@H@2@@std@@IAEAAPAU_Node@12@XZ 00410240 f i cPARSE.obj
 0001:0000f280       ?_Rmost@?$_Tree@V?$basic_string@DU?$char_traits@D@std@@V?$allocator@D@2@@std@@U?$pair@$$CBV?$basic_string@DU?$char_traits@D@std@@V?$allocator@D@2@@std@@H@2@U_Kfn@?$map@V?$basic_string@DU?$char_traits@D@std@@V?$allocator@D@2@@std@@HU?$less@V?$basic_string@DU?$char_traits@D@std@@V?$allocator@D@2@@std@@@2@V?$allocator@H@2@@2@U?$less@V?$basic_string@DU?$char_traits@D@std@@V?$allocator@D@2@@std@@@2@V?$allocator@H@2@@std@@IAEAAPAU_Node@12@XZ 00410280 f i cPARSE.obj
 0001:0000f2c0       ?_Root@?$_Tree@V?$basic_string@DU?$char_traits@D@std@@V?$allocator@D@2@@std@@U?$pair@$$CBV?$basic_string@DU?$char_traits@D@std@@V?$allocator@D@2@@std@@H@2@U_Kfn@?$map@V?$basic_string@DU?$char_traits@D@std@@V?$allocator@D@2@@std@@HU?$less@V?$basic_string@DU?$char_traits@D@std@@V?$allocator@D@2@@std@@@2@V?$allocator@H@2@@2@U?$less@V?$basic_string@DU?$char_traits@D@std@@V?$allocator@D@2@@std@@@2@V?$allocator@H@2@@std@@IAEAAPAU_Node@12@XZ 004102c0 f i cPARSE.obj
 0001:0000f300       ?_Inc@const_iterator@?$_Tree@V?$basic_string@DU?$char_traits@D@std@@V?$allocator@D@2@@std@@U?$pair@$$CBV?$basic_string@DU?$char_traits@D@std@@V?$allocator@D@2@@std@@H@2@U_Kfn@?$map@V?$basic_string@DU?$char_traits@D@std@@V?$allocator@D@2@@std@@HU?$less@V?$basic_string@DU?$char_traits@D@std@@V?$allocator@D@2@@std@@@2@V?$allocator@H@2@@2@U?$less@V?$basic_string@DU?$char_traits@D@std@@V?$allocator@D@2@@std@@@2@V?$allocator@H@2@@std@@QAEXXZ 00410300 f i cPARSE.obj
 0001:0000f400       ?_Mynode@const_iterator@?$_Tree@V?$basic_string@DU?$char_traits@D@std@@V?$allocator@D@2@@std@@U?$pair@$$CBV?$basic_string@DU?$char_traits@D@std@@V?$allocator@D@2@@std@@H@2@U_Kfn@?$map@V?$basic_string@DU?$char_traits@D@std@@V?$allocator@D@2@@std@@HU?$less@V?$basic_string@DU?$char_traits@D@std@@V?$allocator@D@2@@std@@@2@V?$allocator@H@2@@2@U?$less@V?$basic_string@DU?$char_traits@D@std@@V?$allocator@D@2@@std@@@2@V?$allocator@H@2@@std@@QBEPAU_Node@23@XZ 00410400 f i cPARSE.obj
 0001:0000f430       ??0iterator@?$_Tree@V?$basic_string@DU?$char_traits@D@std@@V?$allocator@D@2@@std@@U?$pair@$$CBV?$basic_string@DU?$char_traits@D@std@@V?$allocator@D@2@@std@@H@2@U_Kfn@?$map@V?$basic_string@DU?$char_traits@D@std@@V?$allocator@D@2@@std@@HU?$less@V?$basic_string@DU?$char_traits@D@std@@V?$allocator@D@2@@std@@@2@V?$allocator@H@2@@2@U?$less@V?$basic_string@DU?$char_traits@D@std@@V?$allocator@D@2@@std@@@2@V?$allocator@H@2@@std@@QAE@PAU_Node@12@@Z 00410430 f i cPARSE.obj
 0001:0000f470       ??Fiterator@?$_Tree@V?$basic_string@DU?$char_traits@D@std@@V?$allocator@D@2@@std@@U?$pair@$$CBV?$basic_string@DU?$char_traits@D@std@@V?$allocator@D@2@@std@@H@2@U_Kfn@?$map@V?$basic_string@DU?$char_traits@D@std@@V?$allocator@D@2@@std@@HU?$less@V?$basic_string@DU?$char_traits@D@std@@V?$allocator@D@2@@std@@@2@V?$allocator@H@2@@2@U?$less@V?$basic_string@DU?$char_traits@D@std@@V?$allocator@D@2@@std@@@2@V?$allocator@H@2@@std@@QAEAAV012@XZ 00410470 f i cPARSE.obj
 0001:0000f4b0       ?_Color@?$_Tree@V?$basic_string@DU?$char_traits@D@std@@V?$allocator@D@2@@std@@U?$pair@$$CBV?$basic_string@DU?$char_traits@D@std@@V?$allocator@D@2@@std@@H@2@U_Kfn@?$map@V?$basic_string@DU?$char_traits@D@std@@V?$allocator@D@2@@std@@HU?$less@V?$basic_string@DU?$char_traits@D@std@@V?$allocator@D@2@@std@@@2@V?$allocator@H@2@@2@U?$less@V?$basic_string@DU?$char_traits@D@std@@V?$allocator@D@2@@std@@@2@V?$allocator@H@2@@std@@KAAAW4_Redbl@12@PAU_Node@12@@Z 004104b0 f i cPARSE.obj
 0001:0000f4e0       ?_Parent@?$_Tree@V?$basic_string@DU?$char_traits@D@std@@V?$allocator@D@2@@std@@U?$pair@$$CBV?$basic_string@DU?$char_traits@D@std@@V?$allocator@D@2@@std@@H@2@U_Kfn@?$map@V?$basic_string@DU?$char_traits@D@std@@V?$allocator@D@2@@std@@HU?$less@V?$basic_string@DU?$char_traits@D@std@@V?$allocator@D@2@@std@@@2@V?$allocator@H@2@@2@U?$less@V?$basic_string@DU?$char_traits@D@std@@V?$allocator@D@2@@std@@@2@V?$allocator@H@2@@std@@KAAAPAU_Node@12@PAU312@@Z 004104e0 f i cPARSE.obj
 0001:0000f510       ?_Lbound@?$_Tree@V?$basic_string@DU?$char_traits@D@std@@V?$allocator@D@2@@std@@U?$pair@$$CBV?$basic_string@DU?$char_traits@D@std@@V?$allocator@D@2@@std@@H@2@U_Kfn@?$map@V?$basic_string@DU?$char_traits@D@std@@V?$allocator@D@2@@std@@HU?$less@V?$basic_string@DU?$char_traits@D@std@@V?$allocator@D@2@@std@@@2@V?$allocator@H@2@@2@U?$less@V?$basic_string@DU?$char_traits@D@std@@V?$allocator@D@2@@std@@@2@V?$allocator@H@2@@std@@IBEPAU_Node@12@ABV?$basic_string@DU?$char_traits@D@std@@V?$allocator@D@2@@2@@Z 00410510 f i cPARSE.obj
 0001:0000f600       ?_Lrotate@?$_Tree@V?$basic_string@DU?$char_traits@D@std@@V?$allocator@D@2@@std@@U?$pair@$$CBV?$basic_string@DU?$char_traits@D@std@@V?$allocator@D@2@@std@@H@2@U_Kfn@?$map@V?$basic_string@DU?$char_traits@D@std@@V?$allocator@D@2@@std@@HU?$less@V?$basic_string@DU?$char_traits@D@std@@V?$allocator@D@2@@std@@@2@V?$allocator@H@2@@2@U?$less@V?$basic_string@DU?$char_traits@D@std@@V?$allocator@D@2@@std@@@2@V?$allocator@H@2@@std@@IAEXPAU_Node@12@@Z 00410600 f i cPARSE.obj
 0001:0000f790       ?_Max@?$_Tree@V?$basic_string@DU?$char_traits@D@std@@V?$allocator@D@2@@std@@U?$pair@$$CBV?$basic_string@DU?$char_traits@D@std@@V?$allocator@D@2@@std@@H@2@U_Kfn@?$map@V?$basic_string@DU?$char_traits@D@std@@V?$allocator@D@2@@std@@HU?$less@V?$basic_string@DU?$char_traits@D@std@@V?$allocator@D@2@@std@@@2@V?$allocator@H@2@@2@U?$less@V?$basic_string@DU?$char_traits@D@std@@V?$allocator@D@2@@std@@@2@V?$allocator@H@2@@std@@KAPAU_Node@12@PAU312@@Z 00410790 f i cPARSE.obj
 0001:0000f830       ?_Min@?$_Tree@V?$basic_string@DU?$char_traits@D@std@@V?$allocator@D@2@@std@@U?$pair@$$CBV?$basic_string@DU?$char_traits@D@std@@V?$allocator@D@2@@std@@H@2@U_Kfn@?$map@V?$basic_string@DU?$char_traits@D@std@@V?$allocator@D@2@@std@@HU?$less@V?$basic_string@DU?$char_traits@D@std@@V?$allocator@D@2@@std@@@2@V?$allocator@H@2@@2@U?$less@V?$basic_string@DU?$char_traits@D@std@@V?$allocator@D@2@@std@@@2@V?$allocator@H@2@@std@@KAPAU_Node@12@PAU312@@Z 00410830 f i cPARSE.obj
 0001:0000f8d0       ?_Rrotate@?$_Tree@V?$basic_string@DU?$char_traits@D@std@@V?$allocator@D@2@@std@@U?$pair@$$CBV?$basic_string@DU?$char_traits@D@std@@V?$allocator@D@2@@std@@H@2@U_Kfn@?$map@V?$basic_string@DU?$char_traits@D@std@@V?$allocator@D@2@@std@@HU?$less@V?$basic_string@DU?$char_traits@D@std@@V?$allocator@D@2@@std@@@2@V?$allocator@H@2@@2@U?$less@V?$basic_string@DU?$char_traits@D@std@@V?$allocator@D@2@@std@@@2@V?$allocator@H@2@@std@@IAEXPAU_Node@12@@Z 004108d0 f i cPARSE.obj
 0001:0000fa60       ?_Buynode@?$_Tree@V?$basic_string@DU?$char_traits@D@std@@V?$allocator@D@2@@std@@U?$pair@$$CBV?$basic_string@DU?$char_traits@D@std@@V?$allocator@D@2@@std@@H@2@U_Kfn@?$map@V?$basic_string@DU?$char_traits@D@std@@V?$allocator@D@2@@std@@HU?$less@V?$basic_string@DU?$char_traits@D@std@@V?$allocator@D@2@@std@@@2@V?$allocator@H@2@@2@U?$less@V?$basic_string@DU?$char_traits@D@std@@V?$allocator@D@2@@std@@@2@V?$allocator@H@2@@std@@IAEPAU_Node@12@PAU312@W4_Redbl@12@@Z 00410a60 f i cPARSE.obj
 0001:0000fad0       ?_Consval@?$_Tree@V?$basic_string@DU?$char_traits@D@std@@V?$allocator@D@2@@std@@U?$pair@$$CBV?$basic_string@DU?$char_traits@D@std@@V?$allocator@D@2@@std@@H@2@U_Kfn@?$map@V?$basic_string@DU?$char_traits@D@std@@V?$allocator@D@2@@std@@HU?$less@V?$basic_string@DU?$char_traits@D@std@@V?$allocator@D@2@@std@@@2@V?$allocator@H@2@@2@U?$less@V?$basic_string@DU?$char_traits@D@std@@V?$allocator@D@2@@std@@@2@V?$allocator@H@2@@std@@IAEXPAU?$pair@$$CBV?$basic_string@DU?$char_traits@D@std@@V?$allocator@D@2@@std@@H@2@ABU32@@Z 00410ad0 f i cPARSE.obj
 0001:0000fb10       ?_Destval@?$_Tree@V?$basic_string@DU?$char_traits@D@std@@V?$allocator@D@2@@std@@U?$pair@$$CBV?$basic_string@DU?$char_traits@D@std@@V?$allocator@D@2@@std@@H@2@U_Kfn@?$map@V?$basic_string@DU?$char_traits@D@std@@V?$allocator@D@2@@std@@HU?$less@V?$basic_string@DU?$char_traits@D@std@@V?$allocator@D@2@@std@@@2@V?$allocator@H@2@@2@U?$less@V?$basic_string@DU?$char_traits@D@std@@V?$allocator@D@2@@std@@@2@V?$allocator@H@2@@std@@IAEXPAU?$pair@$$CBV?$basic_string@DU?$char_traits@D@std@@V?$allocator@D@2@@std@@H@2@@Z 00410b10 f i cPARSE.obj
 0001:0000fb50       ??0const_iterator@?$_Tree@V?$basic_string@DU?$char_traits@D@std@@V?$allocator@D@2@@std@@U?$pair@$$CBV?$basic_string@DU?$char_traits@D@std@@V?$allocator@D@2@@std@@H@2@U_Kfn@?$map@V?$basic_string@DU?$char_traits@D@std@@V?$allocator@D@2@@std@@HU?$less@V?$basic_string@DU?$char_traits@D@std@@V?$allocator@D@2@@std@@@2@V?$allocator@H@2@@2@U?$less@V?$basic_string@DU?$char_traits@D@std@@V?$allocator@D@2@@std@@@2@V?$allocator@H@2@@std@@QAE@PAU_Node@12@@Z 00410b50 f i cPARSE.obj
 0001:0000fb90       ?_Dec@const_iterator@?$_Tree@V?$basic_string@DU?$char_traits@D@std@@V?$allocator@D@2@@std@@U?$pair@$$CBV?$basic_string@DU?$char_traits@D@std@@V?$allocator@D@2@@std@@H@2@U_Kfn@?$map@V?$basic_string@DU?$char_traits@D@std@@V?$allocator@D@2@@std@@HU?$less@V?$basic_string@DU?$char_traits@D@std@@V?$allocator@D@2@@std@@@2@V?$allocator@H@2@@2@U?$less@V?$basic_string@DU?$char_traits@D@std@@V?$allocator@D@2@@std@@@2@V?$allocator@H@2@@std@@QAEXXZ 00410b90 f i cPARSE.obj
 0001:0000fcc0       ?_Charalloc@?$allocator@H@std@@QAEPADI@Z 00410cc0 f i cPARSE.obj
 0001:0000fd00       ?_Root@?$_Tree@V?$basic_string@DU?$char_traits@D@std@@V?$allocator@D@2@@std@@U?$pair@$$CBV?$basic_string@DU?$char_traits@D@std@@V?$allocator@D@2@@std@@H@2@U_Kfn@?$map@V?$basic_string@DU?$char_traits@D@std@@V?$allocator@D@2@@std@@HU?$less@V?$basic_string@DU?$char_traits@D@std@@V?$allocator@D@2@@std@@@2@V?$allocator@H@2@@2@U?$less@V?$basic_string@DU?$char_traits@D@std@@V?$allocator@D@2@@std@@@2@V?$allocator@H@2@@std@@IBEAAPAU_Node@12@XZ 00410d00 f i cPARSE.obj
 0001:0000fd40       ??Mstd@@YA_NABV?$basic_string@DU?$char_traits@D@std@@V?$allocator@D@2@@0@0@Z 00410d40 f i cPARSE.obj
 0001:0000fd80       ?swap@std@@YAXAAW4_Redbl@?$_Tree@V?$basic_string@DU?$char_traits@D@std@@V?$allocator@D@2@@std@@U?$pair@$$CBV?$basic_string@DU?$char_traits@D@std@@V?$allocator@D@2@@std@@H@2@U_Kfn@?$map@V?$basic_string@DU?$char_traits@D@std@@V?$allocator@D@2@@std@@HU?$less@V?$basic_string@DU?$char_traits@D@std@@V?$allocator@D@2@@std@@@2@V?$allocator@H@2@@2@U?$less@V?$basic_string@DU?$char_traits@D@std@@V?$allocator@D@2@@std@@@2@V?$allocator@H@2@@1@0@Z 00410d80 f i cPARSE.obj
 0001:0000fdc0       ?_Construct@std@@YAXPAU?$pair@$$CBV?$basic_string@DU?$char_traits@D@std@@V?$allocator@D@2@@std@@H@1@ABU21@@Z 00410dc0 f i cPARSE.obj
 0001:0000fe50       ?_Destroy@std@@YAXPAU?$pair@$$CBV?$basic_string@DU?$char_traits@D@std@@V?$allocator@D@2@@std@@H@1@@Z 00410e50 f i cPARSE.obj
 0001:0000fe90       ??0?$pair@$$CBV?$basic_string@DU?$char_traits@D@std@@V?$allocator@D@2@@std@@H@std@@QAE@ABU01@@Z 00410e90 f i cPARSE.obj
 0001:0000fee0       ??_G?$pair@$$CBV?$basic_string@DU?$char_traits@D@std@@V?$allocator@D@2@@std@@H@std@@QAEPAXI@Z 00410ee0 f i cPARSE.obj
 0001:0000ff40       ?compare@?$basic_string@DU?$char_traits@D@std@@V?$allocator@D@2@@std@@QBEHABV12@@Z 00410f40 f i cPARSE.obj
 0001:0000ffa0       ?compare@?$basic_string@DU?$char_traits@D@std@@V?$allocator@D@2@@std@@QBEHIIPBDI@Z 00410fa0 f i cPARSE.obj
 0001:00010070       ?compare@?$char_traits@D@std@@SAHPBD0I@Z 00411070 f i cPARSE.obj
 0001:000100b0       ?_Psum@?$basic_string@DU?$char_traits@D@std@@V?$allocator@D@2@@std@@CAPADPADI@Z 004110b0 f i cPARSE.obj
 0001:00010370       ??0cPosition@@QAE@ABVcBoard@@@Z 00411370 f   cPosition.obj
 0001:00010400       ??0cPosition@@QAE@ABV0@@Z  00411400 f   cPosition.obj
 0001:000104c0       ??1cPosition@@QAE@XZ       004114c0 f   cPosition.obj
 0001:000104f0       ??4cPosition@@QAEAAV0@ABV0@@Z 004114f0 f   cPosition.obj
 0001:00010580       ?gen_pawn_move@cPosition@@AAEXAAV?$vector@VcMove@@V?$allocator@VcMove@@@std@@@std@@AAVcBitArray@@HH@Z 00411580 f   cPosition.obj
 0001:000107d0       ?isEmpty@cBitArray@@QAEHHH@Z 004117d0 f i cPosition.obj
 0001:00010820       ??0cMove@@QAE@HHHHHHH@Z    00411820 f i cPosition.obj
 0001:00010890       ?gen_knight_move@cPosition@@AAEXAAV?$vector@VcMove@@V?$allocator@VcMove@@@std@@@std@@AAVcBitArray@@HH@Z 00411890 f   cPosition.obj
 0001:00010990       ?gen_sl_move@cPosition@@AAEXAAV?$vector@VcMove@@V?$allocator@VcMove@@@std@@@std@@AAVcBitArray@@HHHHH@Z 00411990 f   cPosition.obj
 0001:00010a90       ?gen_attack@cPosition@@AAEHHHHH@Z 00411a90 f   cPosition.obj
 0001:00010b70       ?gen_bishop_move@cPosition@@AAEXAAV?$vector@VcMove@@V?$allocator@VcMove@@@std@@@std@@AAVcBitArray@@HH@Z 00411b70 f   cPosition.obj
 0001:00010bf0       ?gen_rook_move@cPosition@@AAEXAAV?$vector@VcMove@@V?$allocator@VcMove@@@std@@@std@@AAVcBitArray@@HH@Z 00411bf0 f   cPosition.obj
 0001:00010c70       ?gen_queen_move@cPosition@@AAEXAAV?$vector@VcMove@@V?$allocator@VcMove@@@std@@@std@@AAVcBitArray@@HH@Z 00411c70 f   cPosition.obj
 0001:00010cf0       ?gen_king_move@cPosition@@AAEXAAV?$vector@VcMove@@V?$allocator@VcMove@@@std@@@std@@AAVcBitArray@@HH@Z 00411cf0 f   cPosition.obj
 0001:00010f40       ?move_gen@cPosition@@QAEHHAAV?$vector@VcMove@@V?$allocator@VcMove@@@std@@@std@@@Z 00411f40 f   cPosition.obj
 0001:00011180       ?is_attacked@cPosition@@AAEHHH@Z 00412180 f   cPosition.obj
 0001:00011490       ?eval@cPosition@@QAEHXZ    00412490 f   cPosition.obj
 0001:00011520       ?evalMaterial@cPosition@@AAEHXZ 00412520 f   cPosition.obj
 0001:00011720       ?evalKingSaftey@cPosition@@AAEHXZ 00412720 f   cPosition.obj
 0001:00011840       ??0cBitArray@@QAE@ABV0@@Z  00412840 f i cPosition.obj
 0001:00011880       ?size@?$vector@VcMove@@V?$allocator@VcMove@@@std@@@std@@QBEIXZ 00412880 f i cPosition.obj
 0001:000118d0       ?push_back@?$vector@VcMove@@V?$allocator@VcMove@@@std@@@std@@QAEXABVcMove@@@Z 004128d0 f i cPosition.obj
 0001:00011920       ?insert@?$vector@VcMove@@V?$allocator@VcMove@@@std@@@std@@QAEPAVcMove@@PAV3@ABV3@@Z 00412920 f i cPosition.obj
[...]
FIXUPS: 480b4 d c 18 18 1c 1c c c f 84f8 ffff757f 14 25 f f c 16 25 f 6e
FIXUPS: 47d00 12 d 22 2e c d 26 40 78 9 15 1b e 15 21 9 15 1b 12 e 7 8675
FIXUPS: 505c1 9 c c c c c c 9 9 1a b ffff73da 22 12 12 22 12 8 f c 11 f
FIXUPS: 47aeb b 46 22 1c 14 25 f fffffbd2 b 13 6 14 d 19 b 13 26 c e 17
FIXUPS: 4787b d 11 20 c 10 d 23 10 1a 29 18 10 c 1b c 8be4 c c ffff6ec0
FIXUPS: 47485 14 f c 14 14 d 1a 7 b f 19 18 d 18 d 11 b f 17 29 f 1c 2e
FIXUPS: 4766f 78 28 47 c 11 d fffff9d5 18 8 16 d 14 d 17 15 12 20 21 15
FIXUPS: 4726e b 1f 41 17 f 25 f 14 21 15 21 b 1f 41 17 f 25 13 fffff933
FIXUPS: 46daf b 21 13 1d 2c 10 3c 19 25 2c 6 13 6 6e 25 15 15 25 15 13
FIXUPS: 4703b 15 17 16 13 72 c 17 11 14 fffff911 13 26 17 13 32 15 b 1b
FIXUPS: 46b3e 26 17 13 26 17 13 1d 13 1d 13 32 15 b 1b 13 45 f 9862 b ffff67bc
FIXUPS: 46d70 15 fffff8b5 c 27 6 14 c 35 13 18 58 60 62 a7 14 19 9c53 c
FIXUPS: 5054b ffff63fc 42 b 11 9 6 18 d 25 c 7 1f 9b24 b ffff5bf3 16 e
FIXUPS: 46187 27 22 a324 9 b ffff5cfd 8a 40 40 40 96 4f 1c a0c4 b ffff5f7f
FIXUPS: 464bc 1f 31 6 1f 2e 6 59 1b c 30 6 fffff7aa a6af 9 b ffff598e 14
FIXUPS: 45e4b 1f 1d a60d b ffff5a25 1c a5d4 b ffff5ad0 1d 2f e b 10 11
FIXUPS: 4603c 22 a476 b ffff5bcc 19 15 8 16 3c fffff91d c 15 a993 17 b
FIXUPS: 45b04 1c a914 b ffff5746 26 1a 4f 1c a824 b ffff5837 14 21 22 c
FIXUPS: 45d02 1a 11 8 c a 8 15 13 2d fffffa94 21 1e 20 d c e c f aa97 a
FIXUPS: 50389 b b b b b b c ffff553d 1c aab4 b ffff5590 3e 1e 17 9 6 e
FIXUPS: 45a1e d fffffbb5 21 1e 20 d c e c 5 21 1e 20 d c e c 5 21 1e 20
FIXUPS: 4577a c e c 5 21 1e 20 d c e c 4dca 27 2e 52 fffffb47 62 1f ffffb19f
FIXUPS: 4541b 21 1e 20 d c e c 5 21 1e 20 d c e c 5 21 1e 20 d c e c fffd46ca
FIXUPS: 19cb2 2d 12 11 46 20 2d 18 fffffed5 30a88 3f 37 56 1b 25 15 3d
FIXUPS: 4a899 fffffa0f 27 13 64 5b 47 31 48 56 45 19 31 81 fffd0ab0 4d
FIXUPS: 1b129 60 fffffc4d fffffc11 5 a ffffff5c 36 3a fffffdc7 1c 13 6d
FIXUPS: 1a8cc fffffe4e ffffff5b 55 1f a fffffad1 fffffca4 60 33 63 4f 9e
FIXUPS: 1a0de 19 4d 4a 32df 7c 2a 28 ffffdf08 18 a 16 13 28 30 30 fffffd55
FIXUPS: 1b27e 2b c 2a 50 c 2b 3d c 3a fffffa0e 4d 40 40 43 4d 40 43 50
FIXUPS: 1cc0a 17 1c 4c 15 4d 5a 11 5c 1b ec 33 49 10e 1a a1 20 31 28 4f
FIXUPS: 1d200 31 18 45 18 f 1a 88 69 2a 34 39 fffff07f 1c 16 c 1f 62 51
FIXUPS: 1c605 45 c 5a 1f 93 57 8 51 2b 28 28 28 16 94 2b 32 2b 39 20 49
FIXUPS: 1cabc 22 67 47 fffff32e 5f 54 85 15 1e d 18 20 1c 10 a 24 1c 50
FIXUPS: 1c14d 1f 62 34 3b 2b 3b 45 2b c 41 6b 56 36 c 2b 1c fffff233 1c
FIXUPS: 1b762 28 5f 54 21 128 1e 1b 33 2f 51 15 1e d 35 21 1b 1c 6b 28
FIXUPS: 1bc04 4f 18 1f 5b 66 25 25 b3 19 2095 27 9 fffffca5 17 62 12 58
FIXUPS: 1dce5 23 10 3c 10 c fffffdf8 fffffea4 7f 47 fffffe62 11 fffffc47
FIXUPS: 1d5b6 45 4b ffffdf9e 26 28 15 18 d 1d 25 2c5d 63 34 47 1e d 2f
FIXUPS: 1e458 11 1d 21 14 26 19d 18 19 19 a fffff73d e 8 b f 10 a 5 5 25
FIXUPS: 1de97 17 10 2f 1522 15 14 7 17 6b 20 fffff22c 12 1d 20 1e 20 1b
FIXUPS: 1e82c 12 13 19 b 31 10 fffff7a3 10b 2a 18 38 16 2b 14 2e 18 18
FIXUPS: 1efef 37 19 4e b b b 2d 18 20 24 b 37 a e5 12 24 f 1f 12 1e 26
FIXUPS: 1f331 1c 12 21 d a 13 16 13 28 414 fffffd60 22 fffff37a 32 92 3f
FIXUPS: 1ea4f 10 b 15 15 31 51 ba 3c 27 37 a 13 27 25 b2 63 ce 36 12 38
FIXUPS: 1ef82 31 16 f 14e7 33 4a 25 2b fffff4a4 60 13 a 34 a fffffd93 12
FIXUPS: 1f8bf 25 b 8 74 fffffc3a 2a 2e 37 81 2a 21 62 1a 1a 1a 1a 1a 1d
FIXUPS: 1fed8 1a 22 10 43 26 c 47 1b 40 50 31 4c 4e 1a 25 2a 9b 19 1b 26
FIXUPS: 202e2 1b 14 19 19 11 67 27 40 2a 45 bfc 12 34 33 48 3c 36 1c 1a
FIXUPS: 2120e 17 fffff8c5 ffffff54 ffffff5b fffffc9c 98 f6 fffff3ac 43
FIXUPS: 1fc3e 48 51 19 2f 2d 39 21 5a 38 47 17 31 16ca 14 f fffffe9a 2b
FIXUPS: 214a2 30 c d fffffeec 1b ffffff68 14 fffffed1 c 19 a c fffff894
FIXUPS: 20b36 19f 20 3a 2f 1a 48 60 ff 27 16 94 35 2703 10 3e 54 4d 28
FIXUPS: 22032 191 19 de0 ffffe8e1 ffffff51 8 12 27 b 2a fffffd9d 17 22
FIXUPS: 21646 2c 18 3f 10 70 10 a c 53 fffffd94 c 328f fffff185 34 24 cb
FIXUPS: 23b00 133 18 21 34 30 a8 e2 142 ba 31 1e 2a 1b 11d 25 122 1e 30
FIXUPS: 24411 32 22 26 170 55 53 ffffef7d 20ed fffffb27 4a 94 2b fffff903
FIXUPS: 24c96 1e 13 22 fffffe07 36 28 1f 29 26 17 12 1c fffffcc6 13 ffffff2b
FIXUPS: 24836 21 1f d 21 10 fffffecb d 11 2f 15da 2a 44 4b fffffe4d 2a
FIXUPS: 25d1a 4b fffffc49 18 11b 21 4b 5d 17 b5 fffffade 1c 77 3a 59 15
FIXUPS: 258a6 1d 14 13 14 1a 19 fffffa47 13 e8 1b07 14 14 14 14 14 14 fffff674
FIXUPS: 26670 a fffff83d 43 9 82 24 27 2a 17 58 50 44 1d 16 c4 13 28 16
FIXUPS: 26262 a 96 f2 10 948 11 10 11 11 11 11 11 11 11 11 11 11 11 11
FIXUPS: 26e4a 11 11 11 11 11 11 11 11 11 11 11 11 14 14 14 14 fffffa0a
FIXUPS: 2698f 1f 1f 1f 1f 1f 1f 1f 1f 1f 1f 1f 1f 1f 1f 1f 22 22 22 22
FIXUPS: 26c0a 22 22 22 22 22 25 2f 11 11 11 3da 14 5b 11 10 34 30 16 3b
FIXUPS: 266a2 1f 10 e 1e 11 25 11 5e 1f 1f 1f 1f 1f 1c 1f 1f 1f 1f 1f 1f
FIXUPS: 26932 1f af8 4d 1f 1f 1f 1f 17 17 1f 1f 1f 1f 1f 1f 1f 1f 1f bd
FIXUPS: 27725 11 11 11 11 11 fffff8b9 1d 1d 17 16 11 11 46 139b 93 3d 33
FIXUPS: 28643 1a 11 198 ffffefca 1f 19 19 19 108 65 a6 22 17 e 15 e e e
FIXUPS: 27afe 11 fffff840 1f 10 e 4c 11 4f 82a 3e 7 1c 7 1f c7 51 5a 1d
FIXUPS: 27eb1 6a 55 5a 62 28 2b 83 59 16 74 12 54 2f 51 55 1b 52 12 4b
FIXUPS: 2843b 52 1203 13 16 26 1e 41 93 20 68 82 10 30 10 30 10 fffff6ae
FIXUPS: 29035 13 6d a7 fffff9d5 21 21 24 2a 19 c fffffe91 1d fffff13c 29
FIXUPS: 27c2d 2208 f 6d 1a2 b 10 3e b fffffbfb b 14 14 f 27 11 4c fffffefe
FIXUPS: 29a8f 28 29 ffffff78 17 fffff815 41 8c 14 26f 19 1c 13 2a 3a 10e5
FIXUPS: 2a76c 10a 4a 7 15 5 7 e 267 35 35 1e8 fffff699 21 13 50 5e fffffd07
FIXUPS: 2a266 18 a6 10 31 2c 44 2c fffffcfd 37 fffffccd b 14 186c 24 51
FIXUPS: 2b72c 28 45 2d 2d 28 28 1c 29 41 84 3a 24 31 36 50 a 21 154 31c
FIXUPS: 2bf1d 1f0 ffffe4bc c 18 15 5 7 114 9c6 14 1c 1c 1c 1b 36 3a 9 2e
FIXUPS: 2b21b 48 9 2e 9 2e 9 2c 9 2c 9 2c 9 3d 54 84 8d 7e 23 23 23 3a
FIXUPS: 2c5cc 1b 76 be fffffb71 33 2c 32 20 2e 14 1b 43 6f ffffe9bd 15
FIXUPS: 2ae39 50 9 2e 9 71 15 1b 51 9 2e 9 6e 15 37 15 21bd eb 1c8 8c 152
FIXUPS: 2d785 238 13 fffff1f7 21 35 35 13a c 10 c 27 6c fffffaf3 85 69
FIXUPS: 2ca5b 8c 34 fffffd86 25 a 31 fffffeb0 24 a 23 17a1 2f 83 7d 11
FIXUPS: 2e19b b d6 b 65 b 7c 30 e b 18 32 45 2f fffff6a8 43 33 24 bd 2d
FIXUPS: 2dd41 32 43 c 10 c fffff35c 1a08 5b 52 6c 2c c d b0 53 66 53 25
FIXUPS: 2eea4 fffff729 e c f 22 28 78 6e 21 68 33 40 25 f fffffc9a 5c 41
FIXUPS: 2e5ac fffff975 1b85 c f 4c 27 f f 27 fffffc1f 70 4f 1df fffffa00
FIXUPS: 2f294 fffff5eb 11 14 12 8 7 1b 2b 17 150 e 15 18 c 18 17 a 15 180f
FIXUPS: 303b4 fffffc3c 43 ffffff4b ffffff4f 3a fffffeab b 14 c f 1e 1b
FIXUPS: 2fe31 10 29 2d fffffdf0 c d 3e 29 19 2c fffffe86 17 2e 2d a 16
FIXUPS: 2fa75 1b14a 31 16 10 1b fffe5cd5 f 58 28 29 fffffaf6 45 29 3a 40
FIXUPS: 305da 33 4b 59 5a c 19 42 3c a7 19 28 c 21 fffff822 19 d9 1b195
FIXUPS: 4b381 27 fffffdb6 18 10 f 39 5f fffffe53 1e 4e 15 2b fffffcdd 18
FIXUPS: 4ae30 af 5a 4f 79 fffffcbe 29 77 20 31 16 10 1b fffffd0e 29 77
FIXUPS: 4bb62 11 fffffbdd 1e 11 10 89 11 61 73 57 73 26 fffffbfa 50 c c
FIXUPS: 4b6aa 72 fffffe98 fffffe6a 18 14 f 38 3b 2c 1b 6c fffffe4a ffffff47
FIXUPS: 4b328 1128 82 2a fffffe04 3f 11 89 27 fffffb42 48 141 52 35 d1
FIXUPS: 4c2a2 fffffa4c 18 c 10 c0 80 20 27 d 4a 18 fffffb06 18 11 10 39
FIXUPS: 4baf8 1494 3e 54 4d 3c fffffc07 18 18 f 33 3b 2c 23 6e fffffb86
FIXUPS: 4c9b6 c f 3f 3e bf 8e 70 fffffa35 18 c 12 3a 40 d7 98 85 fffb48db
FIXUPS: 11ce 4c8c6 b 17 18 12 37 11 45 fffffa45 b 14 14 f 137 b 23 2c5
FIXUPS: 4d4e2 36 fffffdf0 24 13 4a de 3e fffffc5b 86 2a fffffcc0 10c fffb5356
FIXUPS: 22e2 2f 2b 56 23 22 4c 16 1b 2e 17 4b7dd fffb485e 10 86 10 2f 5
FIXUPS: 25bb 73 10 ffffe9db d 28 d 6e d 31 d 3e 18 ccc 2c 10 d 2e 10 52
FIXUPS: 1f26 28 11 3a 6e 1d f 10 32 10 44 10 68 a 18 17 21 1a 13 24 15
FIXUPS: 2230 c 25 f fffff7ad 3b 7 d 6f d 3c e d 45 d 36 d 54 f c f 11 1a
FIXUPS: 1c9a 17 4bfa3 b fffb4088 d 39 10 36 d 35 d 5f fffff8e3 d 52 12
FIXUPS: 1787 f f 17 4c458 c f f b fffb3ba8 d 3a 32 13 13 10 10 10 14 a
FIXUPS: 18f1 1b 13 62 10 d 66 c fffff93b 33 d 33 10 30 d 4b 12 16 12 11
FIXUPS: 14b9 8 21 4c6f2 c f f b fffb3908 1a 58 8 d 2d b 10 55 35 5b f 1e0b
FIXUPS: 34f1 24 ec b 2e 5a 13 d 8b 2b 2b 28 28 28 27 65 5 d 33 10 ffffd94b
FIXUPS: 123e d 33 d 33 10 30 d 2e 5 1ec6 12 7b 12 14 12 14 12 14 12 14
FIXUPS: 333b 14 12 14 12 15 f 27 20 f f f f d f 27 20 f f f f fffff887
FIXUPS: 2d7d 29 32 27 2c 2c 29 29 29 25 f0 f 42 17 29 17 29 17 26 17 26
FIXUPS: 3149 26 f f f f f f 18 12 fffff78c 12 12 12 12 12 12 4a 76 12 12
FIXUPS: 2ae1 f f f f f f f f 12 12 12 12 12 12 3e 7d 2c 27 2c 2c 13e3 ffffe5e6
FIXUPS: 26ff b b b b b b b 10 38 b b b b b b b b 12 12 12 12 12 12 12 12
FIXUPS: 288e 4a 83 12 128f 13 2c 17 7e 1a 77 36 c c c 21 28 37 28 3a c
FIXUPS: 3eb5 18 c 13 49 29 33 b c 12 40 bf 5 d 33 c72 f 10 38 1e 94 8 49
FIXUPS: 4ee7 15 10 39 10 6c 17 1f c d 59 5 d 33 10 ffffe8d0 60 2e 13 2c
FIXUPS: 3a72 85 1a 77 f24 12 e 13 f 1a 4923c 9 b fffb6e00 19 30 13 39 14
FIXUPS: 4c11 30 a 8 31 e 17 11 9 19 16 8 e e 15 20 15 fffff978 12 b c e
FIXUPS: 4721 92 f 35 14 1c 32 2b c 32 1d d 3c 7 d 35 d 7e 10 17 13 12 17
FIXUPS: 4a72 12 12 e 49213 f b fffb6810 13 13 5f 12 12 f f f f 17 49707
FIXUPS: 4dcf0 c c f f b fffb68e3 d 39 c b b c 15 12 11 9 fffffa82 33 d
FIXUPS: 41be 10 30 d 2e 5 d 33 d 33 10 30 d 4b 1b f f 12 12 1f 34 25 24
FIXUPS: 445d 21 49806 c c c fffb8a98 67 ba 12 49 12 47 f 4b 12 7c 10 4a
FIXUPS: 6a76 30 47363 e fffb8d0a b c 12 10 3b 12 10 32 5 d 33 10 ffffd4fb
FIXUPS: 413e 212b d 13 14 1a 17 1f 16 1f 19 54 25 14 44 1f 1c 24 37 10
FIXUPS: 64e2 10 a8 12 5a f 2f 10 32 10 3d 1d 35 fffff71a 62 1d 8 15 3a
FIXUPS: 5f25 1f 22 2f a e d 19 47 f 39 10 33 a e d 19 45 f 3b 10 3d 20
FIXUPS: 6202 f 10 fffff7bc 6 12 c f 17 483bd b fffb7c76 d 9d 1f 2b 3c 9
FIXUPS: 5bab 36 e d 35 9 9 d 9f 1f 2b 98 9 9 d 32 10 fffff87b 14 13 f 31
FIXUPS: 5734 48673 b fffb79b8 1e 42 3d 7 6 12 c 7 11 d f 12 c f f 17 4850b
FIXUPS: 4ddcf fffb7b55 d 79 1d f 483ba b fffb766c 8 b 8 16 f 1c 2e b c
FIXUPS: 54b7 10 3e 12 40 40 9 17 c f 10 51 9 b f 16 c f c 6 8785 10 ffff72bb
FIXUPS: 50ee d 33 d 33 10 30 d 2e 5 d 33 d 33 10 30 d 4f 16 c 21 48a17
FIXUPS: 4dd70 b fffb7622 f f 17 489b2 fffbfd1f 40761 b fffbf8d2 12 24 25
FIXUPS: db53 406d1 b fffbf962 12 24 25 17 40641 b fffbf9de 12 42 1a 2e
FIXUPS: dcce 5 5 5 5 d 2f 10 70 10 fffff959 40a9d b fffbf592 1a a 18 1a
FIXUPS: 4e1c4 b fffbf602 1a a 18 1a 409bd b fffbf6d2 12 19 17 13 6 13 6
FIXUPS: d94b 33 d a6 12 24 25 406d8 a c fffbf1d6 1d 19 c 24 40dce 9 b fffbf2bb
FIXUPS: d46b 48 18 48 18 36 13 13 4d 15 15 b d 37 c 10 48 1a a 18 fffff772
FIXUPS: ce66 20 31 12 7 20 48 18 48 18 41 8 10 22 a2 d 43 d 4e 18 71 11
FIXUPS: d223 23 16 e 10 1a 1f 30 1a fffff739 25 15 c f b 25 67 36 c d 26
FIXUPS: cbc7 39 39 3b 35 1f 47 1d 19 1f 1d 413c3 9 b fffbec5f 1d 7 20 3c
FIXUPS: ce53 fffff534 43 d 130 c 12 29 30 5a 39 1e f 20 25 15 28 18 12
FIXUPS: c719 38 1b 15 1d 37 39 1b 15 18 19 2d 41888 b fffbde48 d 21 23
FIXUPS: c007 c 1a 38 c d 28 23 6e c 1a 38 c d 28 23 4f e c d 1d 27 2e 18
FIXUPS: c312 23 2c 13 fffff979 1a 19 c e 1f c 8 c a c a 25 27 1d 9 12 18
FIXUPS: be4e 1f 1d 4226a 9 9 9 b fffbddb1 c d 21 23 43 fffff898 30 42886
FIXUPS: 4e0c7 fffbd7a6 14 10 2d d 92 10 34 13 13 4e d 133 17 54 1d 19 c
FIXUPS: bc26 424ae 9 b fffbdb8c 19 15 c f 22 fffff864 42b31 b fffbd502
FIXUPS: b592 11 23 16 e 10 1a 1f 30 1a 42a17 a c fffbd606 11 7 9 7 7 2c
FIXUPS: b73e 8 c 11 9 7 2c 45 fffff963 16 34 18 23 15 1d 42e56 b fffbd267
FIXUPS: b2d5 1d 20 20 3b 13 f e 16 36 f e 16 42 13 f e 16 36 21 16 15 fffff809
FIXUPS: ad49 46 10 50 1a 38 13 13 50 b d 2d a 13 5a 16 16 17 21 f 2d 35
FIXUPS: b05b f e 16 38 13 3e 13 f fffff789 c 15 43 24 436ba 9 9 b fffbc964
FIXUPS: a99e 73 13 13 6a 13 13 3a d 48 13 3b 1c 17 4345d b fffbcbd3 44
FIXUPS: ac7f 10 40 10 fffff852 11 11 23 16 e 10 1e 1f 30 1a 439b3 a c fffbc66b
FIXUPS: a67e 3c d 2e e d 31 13 13 3e 19 33 31 10 4e 18 11 fffff5be 27 17
FIXUPS: 9eb6 d 3c d 40 d 42 13 3a 26 19 2b 62 10 85 10 3c 10 d8 8 26 8
FIXUPS: a2f9 1f 29 33 10 2e 10 fffff58a 1a 29 37 10 2c 10 2f 10 7e 29 5d
FIXUPS: 9b72 9f a 8 29 20 15 16 f 10 35 1b 16 7 12 d 39 f d c8 fffff632
FIXUPS: 94a3 38 f 9 13 7 4d 24 1c 2f 40 1c 14 22 7 3e 3e b 2a 19 1e 7d
FIXUPS: 97da 44 19 13 32 2c 45 8 11 fffff6fb 12 2e c a c 6 1c 13 59 8 10
FIXUPS: 911a d 13 43 d 37 c a c 6 1c 13 29 c a c 14 11 18 13 fffff973 b
FIXUPS: 8c3f 16 42 23 1a 452e2 fffbad4f 15 8d 1f 16 7 20 1f 1d 15 17 b
FIXUPS: 8e84 16 1c 14 22 b 24 1f 23 1c 4504b b fffba796 1c 34 27 27 d 3d
FIXUPS: 885a 45 20 23 f 10 37 10 35 d 47 17 1d 18 10 56 d 61 1e 2f 14 d
FIXUPS: 8bf1 8 e fffff69d 23 10 2a 16 64 c d 5d 8 10 15 18 98 b 2e 3a 11
FIXUPS: 8561 6c 7 7 d 55 17 1f d 31 1f 28 3b 8 fffff71d 1d 460ff 9 b fffb9f23
FIXUPS: 7ecf 19 29 3b 10 73 19 45 10 34 20 d 57 f 2b f e 16 31 23 15 1a
FIXUPS: 4df94 b fffba2e3 1b fffff81d 14 c c f 17 46448 b fffb9be6 d 33
FIXUPS: 7b92 35 d 3e a 16 3a d 62 f 21 1a 12 12 61 15 1b 13 b 28 23 fffff9a4
FIXUPS: 7838 8 d 34 d 52 f f f 17 46600 c c b fffb9a12 f b e a 19 10 11
FIXUPS: 79db 3b 9 b a 15 b b d fffff9e0 17 46a61 b fffb95d7 16 13 13 c
FIXUPS: 750f 469d5 c c c b fffb962e 10 d 63 10 30 1f 10 61 13 13 78 d 43
FIXUPS: 778c 35 13 fffff993 17 46d06 b fffb933b 15 d f 17 46c92 b fffb93ad
FIXUPS: 726c b a a d 3c d 32 8 d 4f 1b a 2f 6 30 b 9 19 a fffffa52 16 f
FIXUPS: 6ec6 46f5e b fffb90bf 8 10 43 10 48 d 4c 1a a a f 17 46df6 b fffb924b
FIXUPS: 70af d f 17 46d82 b fffb92bb 1a a a 9ec2 49 32 10 64 5 d 33 10
FIXUPS: de99 5 d 33 10 ffff8d7b 5 d 33 d 33 10 30 d 2e 5 d 33 d 33 10 30
FIXUPS: 6e3b 9e01 b 15 11 2d 17 3d803 b fffc2825 10 31 10 2b 16 7e 1f 30
FIXUPS: 4e4d9 e fffc2987 d 3a 1c 30 13 13 3a 9 12 d 40 48 fffff94a b 11
FIXUPS: 10985 f f 10 b 13 b 13 b 11 11 17 17 3da4a b fffc25e4 c 11 18 3e
FIXUPS: 10b06 2c 10 84 12 13 b 17 17 fffffaaf 10 b 13 b 13 b 11 11 17 17
FIXUPS: 4e434 b fffc2382 10 16 1f 1a 3dc34 b fffc2402 10 16 1f 1a 3dbb4
FIXUPS: 4e47f fffc2487 10 11 e 10 fffffa26 15 11 21 21 17 3e00a b fffc2056
FIXUPS: 10465 2c 10 a5 f 26 f 12 19 1f 1a 3de26 b fffc2217 10 11 e 10 16
FIXUPS: 10696 11 e f fffffa36 b 12 b 16 b 13 14 9 b 12 b b 12 b e d 8 15
FIXUPS: 10211 1a 3e1a9 b fffc1e86 10 30 10 30 10 41 12 18 fffffbd1 b b
FIXUPS: ff58 11 b 12 12 b b 12 b 16 b 13 14 9 b 12 b b 12 b e e b b 11
FIXUPS: 100c0 b 12 12 fffffbd8 28 18 10 17 17 3e66f b fffc19c7 15 c 14
FIXUPS: fdd3 c 2e 10 c 12 1b d f f 10 10 f 13 14 b 15 e b b fffffb21 10
FIXUPS: fa57 12 b 12 e 10 12 c c 26 1a 3e866 b fffc17c6 9 17 41 29 e 9
FIXUPS: fbf7 c c 11 17 3e75d b fffc18e7 1c 10 fffffbb4 b 12 b 12 e 13 b
FIXUPS: f8dd 11 12 b 12 e 9 b 11 b 11 b 11 12 16 b 11 b 12 15 9 b 11 b
FIXUPS: f67c 14 14 15 b 17 b 11 11 12 b 12 e 9 b 11 b 11 b 11 12 16 b 11
FIXUPS: f7f1 12 15 9 b 11 b e fffffc44 13 b 13 b 11 e 10 d 9 17 e f f 10
FIXUPS: f579 13 b 13 b 10 12 16 d f d a 12 16 d f d fffffb21 10 2b c d
FIXUPS: f2ec 7 11 10 16 13 16 13 b f 1d b 11 e 10 13 13 e 10 b 11 e 10
FIXUPS: f460 10 f 10 fffff959 1a f b 8 1a 10 14 16 1a 3f4c2 b fffc0b66
FIXUPS: eed4 f d 39 11 9 11 6 13 1d 23 3a d 30 10 2d 10 e5 10 fffff9c0
FIXUPS: eb47 10 c 19 13 1f 2c 9 21 20 9 29 9 1d c 9 6 f 29 9 26 2a 3f60c
FIXUPS: 4e33f fffc0a37 10 9 15 9 15 17 fffff91b 1d 30 d 3b 17 4a f f f
FIXUPS: e833 2c 19 17 3fa85 b fffc05a6 1b 31 d 3b 18 34 17 53 10 32 b 17
FIXUPS: eaa8 17 4d fffff8d8 1d c f 1a 3fe7e 9 b fffc0199 d 4f f 17 3fdf1
FIXUPS: 4e2df fffc0252 9 17 14 c 9 11 20 3fd49 b fffc02ec 10 3a 17 39 17
FIXUPS: e6d9 fffffa9e f f f 12 12 12 12 12 12 12 12 12 12 12 12 12 12 12
FIXUPS: e2c4 12 12 12 c 11 15 c 15 23 3ff24 b fffc0129 4ba6 10 ffffafbe
FIXUPS: df43 a b f 1d 2b 2c f 12 1a 40251 c b fffbfdc3 d 50 16 f f f f
FIXUPS: e0ff f f f f f f f 48fb 1f 19 54 25 14 44 1f 1c 24 5a 12 5c f 32
FIXUPS: 12ce4 32 10 8d f 48 12 41 10 47 1f 30 3b5f6 e fffc4a22 5 d fffff576
FIXUPS: 124cb 1d 29 7a 2c 2c 36 39 36 36 4f 5f f 31 47 1e 1c c8 9 d 36
FIXUPS: 1295e 8 15 4e d 13 14 1a 17 1f fffff57d 2b 23 1d 23 1d 23 1d 23
FIXUPS: 120f2 23 1a 23 12 d 9a 3e 5b 69 14 e 1f 25 2f 25 14 e 2b 22 14
FIXUPS: 1245b 2b fffff574 22 2f c 24 40 18 48 40 79 f 71 f 71 f 90 1c 30
FIXUPS: 11dcb 28 2a c 18 2a c 1b 2d f 18 2d f 10 fffff4f9 b 72 73 12 3e
FIXUPS: 115fd 27 c 3a 27 c 31 1c 2c c 31 1c 2f f 10 3c 17 31 b 24 10 8d
FIXUPS: 11929 30 c 12 4664 3a 1c 30 13 13 32 5 d 33 10 ffffb07b 5 d 33
FIXUPS: 111db 33 10 30 d 2e 5 d 33 d 33 10 30 d 3d b 48 4838 c 11 18 3e
FIXUPS: 15ca6 2c 10 84 12 13 b 17 17 18 b 15 11 2d 17 38903 b fffc7725
FIXUPS: 15e94 31 10 7f 1f 30 387d6 e fffc7847 38726 b fffc7302 10 16 1f
FIXUPS: 15a60 38cb4 b fffc7387 10 11 e 10 16 b 11 e f f 10 b 13 b 13 b
FIXUPS: 15bab 11 17 17 38b4a b fffc7035 1a 38f26 b fffc7117 10 11 e 10
FIXUPS: 1582b b 11 e f f 10 b 13 b 13 b 11 11 17 17 38dba b fffc7282 10
FIXUPS: 15987 1f 1a fffff9db 16 1a 392a9 b fffc6d86 10 30 10 30 10 41 12
FIXUPS: 15500 b 15 11 21 21 17 3910a b fffc6f56 10 2c 10 a5 f 26 f 12 19
FIXUPS: 151d9 b b 12 b e e b b 11 11 b 12 12 b b 12 b 16 b 13 14 9 b 12
FIXUPS: 1533b b 12 b e d 8 fffffc70 d f f 10 10 f 13 14 b 15 e b b 16 b
FIXUPS: 150e7 11 11 b 12 12 b b 12 b 16 b 13 14 9 b fffffb7f 29 e 9 11
FIXUPS: 14da3 c 11 17 3985d b fffc67e7 1c 10 15 28 18 10 17 17 3976f b
FIXUPS: 14f26 15 c 14 18 c 2e 10 c 12 fffffb31 b 11 12 16 b 11 b 12 15
FIXUPS: 14ba7 b 11 b e 10 b 12 b 12 e 10 12 c c 26 1a 39966 b fffc66c6
FIXUPS: 14cee 17 fffffc2c 11 12 16 b 11 b 12 15 9 b 11 b e 10 b 12 b 12
FIXUPS: 14a4e 13 b 11 11 12 b 12 e 9 b 11 b fffffc4f b 10 12 16 d f d a
FIXUPS: 147d2 16 d f d b 14 14 15 b 17 b 11 11 12 b 12 e 9 b 11 b 11 fffffc41
FIXUPS: 14577 13 13 e 10 b 11 e 10 b 10 f 10 b 13 b 13 b 11 e 10 d 9 17
FIXUPS: 146e0 f f 10 b 13 b fffff9d2 11 9 11 6 13 1d 23 3a d 30 10 2d 10
FIXUPS: 14332 10 2b c d 106 7 11 10 16 13 16 13 b f 1d b 11 fffff918 6
FIXUPS: 13e86 29 9 26 2a 3a6cc b fffc5977 10 9 15 9 15 17 f 1a f b 8 1a
FIXUPS: 1402e 14 16 1a 3a582 b fffc5aa6 f f d fffff9d5 1b 31 d 3b 18 34
FIXUPS: 13b9c 53 10 32 b 17 35 17 4d 1a 21 10 c 19 13 1f 2c 9 21 20 9 29
FIXUPS: 13e3f 1d c fffff8b6 1c 1d c f 1a 3ae08 9 b fffc5223 10 3a 17 39
FIXUPS: 1387c 3d 1b 1d 30 d 3b 17 4a f f f 1c 2c 19 17 3ab45 b fffc4ec5
FIXUPS: 134a1 c f 1a 3b05e 9 b fffc4fb9 d 33 d 4f f 17 3af91 b fffc50b2
FIXUPS: 1361a 17 14 c 9 11 20 3aee9 b fffc515d 7 a b f fffffb44 f f f f
FIXUPS: 13296 f f f f f f f f f f f f f f f f f c 11 15 c 15 23 3b109 b
FIXUPS: 13468 fffffc03 f f f f f f f f f f f f f f f f f f f f f f f f
FIXUPS: 131e2 f f f f f f 2f9c 3e 12 2a 38542 b fffc7ae2 13 13 4f 12 1c
FIXUPS: 16333 21 38460 c b fffc7c7e f 17 38365 b fffc47ef 16 f f f f f
FIXUPS: 1303e f f 5be6 10 53 12 5c f 32 10 32 10 137 10 32 32 28 5 5 5
FIXUPS: 18f8d 5 d 2f 10 30 10 30 10 ffffd0e6 14 1d 11 3b 25ea d 29 1d 8
FIXUPS: 18819 3c a e d 19 45 f 3b 10 e7 d 13 14 1a 17 1d 16 1f 17 4e 25
FIXUPS: 18b6e 42 1f 1a 22 fffff6ef 16 31 13 13 3d 16 16 31 13 13 3d 16
FIXUPS: 18490 34 b d 38 b d 38 b d 49 11 15 14 d 51 13 10 11d fffff5ec
FIXUPS: 17da5 33 36b4d c b fffc9503 48 21 36aad b fffc95af 46 21 36a0f
FIXUPS: 4e990 fffc96a0 12 17 3694e b fffc978d 1f 2b bc 9 d 36 9 9 d 34
FIXUPS: 17935 11 d 6 16 43 c a 25 a 2a 16 8 10 17 38 44 c a 29 6 2a b 18
FIXUPS: 17b7c 10 3e 39 1c 34 1c fa fffff7b9 9 10 3f d 2a 19 3c 23 68 13
FIXUPS: 176b7 52 18 21 371b5 b fffc8e6c d b 8 10 3f d 34 d 33 d 63 d 42
FIXUPS: 17925 fffff882 3d 16 16 34 b d 3c d 43 1f 2b 8 d a 17 3756d c fffc8ac6
FIXUPS: 173be 19 1e f 15 11 9 c 13 66 10 39 b fffff944 13 f 4f 17 5b a
FIXUPS: 16f43 a 7 f 10 27 1f 14 1a 37880 b fffc87e7 21 14 33 377d4 c b
FIXUPS: 17106 22 21 3776b b fffc88c2 13 fffff8cc 12 3b d 56 22 19 13 1b
FIXUPS: 16b8f 13 1c 28 8 13 c c c 10 1e 21 36 1a 37b80 a c fffc849e d 33
FIXUPS: 16d45 d4 19 fffff82c d 5d 11 18 24 d 21 380be a c fffc7f70 b b
FIXUPS: 167ad 68 d 6e 19 1e 23 2f 17 37f01 b fffc8125 13 13 61 19 1e 23
FIXUPS: 1920e 10 30 d 34 2a b 16 a 29 356b9 fffca973 5 d 33 10 ffffd10b
FIXUPS: 1649e d 33 d 33 10 30 d 2e 5 d 33 d 33 10 2dcf 34 13 13 ad 2f 51
FIXUPS: 19591 45 d 43 d 6e 17 39 17 3b 17 fffff92f 5 d 33 d 33 10 30 d
FIXUPS: 19189 5 d 33 d 5ce 12 3e 351de b fffcaecf 13 13 52 12 30 21 3506b
FIXUPS: 4ea03 b fffcafef 1f 12 17 34fe2 b fffcb07b 12 d 75 16 21 3c 1b
FIXUPS: 19bf6 13 fffff7d0
